Script started on 2025-04-16 02:33:23-04:00 [TERM="xterm-256color" TTY="/dev/pts/0" COLUMNS="104" LINES="31"]
File 'mapped.ttl' already exists - renamed to 'mapped.ttl.backup'
Initiated mapping params:
('gbad/schema/authority/general_authority_to_ric-o_model_2025-04-15_pz.rml',
 './rmlmapper-7.0.0-r374-all.jar',
 'gbad/mapping/target/general_authority_to_ric-o_model_2025-04-15_pz/mapped.ttl')
Converted file is larger than 10 MB (22.46 MB) - trying to rename to LARGE...
Successfully renamed to 'mapped_LARGE.ttl'
Successfully mapped 'gbad/schema/authority/general_authority_to_ric-o_model_2025-04-15_pz.rml' to 'gbad/mapping/target/general_authority_to_ric-o_model_2025-04-15_pz/mapped_LARGE.ttl'

Initiating postprocessing...
Successfully read a graph from 'gbad/mapping/target/general_authority_to_ric-o_model_2025-04-15_pz/mapped_LARGE.ttl'

Number of triples in the graph: 187488
Postprocessing...
Executed a parametrized alternative of the following query: 
        PREFIX rico: <https://www.ica.org/standards/RiC/ontology#>
        PREFIX rdfs: <http://www.w3.org/2000/01/rdf-schema#>
        PREFIX add: <https://data.archives.gov.on.ca/Schema/Description-Listings/>
        
        DELETE {
        ?recordSet rdfs:label ?shorterLabel .
        }
        WHERE {
        ?recordSet a rico:RecordSet ;
                    rdfs:label ?label1, ?label2 .
        FILTER(?label1 != ?label2)
        ?recordSet rico:hasOrHadIdentifier ?identifier .
        ?identifier a add:CurrentReferenceCode .
        ?identifier rdfs:label ?identLabel .
        BIND(REPLACE(?identLabel, "^(.*) \(Current Reference Code\)$", "$1") AS ?refCode)
        FILTER(STRSTARTS(?label1, ?refCode) && STRSTARTS(?label2, ?refCode))
        BIND(IF(STRLEN(?label1) < STRLEN(?label2), ?label1, ?label2) AS ?shorterLabel)
        }
        
No triples were removed.

Number of triples in the graph: 187488

Script done on 2025-04-16 02:34:29-04:00 [COMMAND_EXIT_CODE="0"]
