Script started on 2024-11-14 02:31:02-05:00 [TERM="xterm-256color" TTY="/dev/pts/1" COLUMNS="120" LINES="22"]
File 'mapped.ttl' already exists - renamed to 'mapped.ttl.backup'
Initiated mapping params:
('gbad/schema/authority/general_authority_to_ric-o_model_2024-11-13_pz.rml',
 './rmlmapper-7.0.0-r374-all.jar',
 'gbad/mapping/target/general_authority_to_ric-o_model_2024-11-13_pz/mapped.ttl')
02:31:07.953 [main] ERROR b.u.r.f.DynamicMultipleRecordsFunctionExecutor.execute(87) - Function 'http://users.ugent.be/~bjdmeest/function/grel.ttl#string_match' failed to execute with Cannot invoke "java.lang.CharSequence.length()" because "this.text" is null
02:31:07.964 [main] ERROR b.u.r.f.DynamicMultipleRecordsFunctionExecutor.execute(87) - Function 'http://users.ugent.be/~bjdmeest/function/grel.ttl#string_match' failed to execute with Cannot invoke "java.lang.CharSequence.length()" because "this.text" is null
02:31:07.965 [main] ERROR b.u.r.f.DynamicMultipleRecordsFunctionExecutor.execute(87) - Function 'http://users.ugent.be/~bjdmeest/function/grel.ttl#string_match' failed to execute with Cannot invoke "java.lang.CharSequence.length()" because "this.text" is null
02:31:07.966 [main] ERROR b.u.r.f.DynamicMultipleRecordsFunctionExecutor.execute(87) - Function 'http://users.ugent.be/~bjdmeest/function/grel.ttl#string_match' failed to execute with Cannot invoke "java.lang.CharSequence.length()" because "this.text" is null
02:31:07.968 [main] ERROR b.u.r.f.DynamicMultipleRecordsFunctionExecutor.execute(87) - Function 'http://users.ugent.be/~bjdmeest/function/grel.ttl#string_match' failed to execute with Cannot invoke "java.lang.CharSequence.length()" because "this.text" is null
02:31:07.971 [main] ERROR b.u.r.f.DynamicMultipleRecordsFunctionExecutor.execute(87) - Function 'http://users.ugent.be/~bjdmeest/function/grel.ttl#string_match' failed to execute with Cannot invoke "java.lang.CharSequence.length()" because "this.text" is null
02:31:07.972 [main] ERROR b.u.r.f.DynamicMultipleRecordsFunctionExecutor.execute(87) - Function 'http://users.ugent.be/~bjdmeest/function/grel.ttl#string_match' failed to execute with Cannot invoke "java.lang.CharSequence.length()" because "this.text" is null
02:31:07.973 [main] ERROR b.u.r.f.DynamicMultipleRecordsFunctionExecutor.execute(87) - Function 'http://users.ugent.be/~bjdmeest/function/grel.ttl#string_match' failed to execute with Cannot invoke "java.lang.CharSequence.length()" because "this.text" is null
02:31:07.974 [main] ERROR b.u.r.f.DynamicMultipleRecordsFunctionExecutor.execute(87) - Function 'http://users.ugent.be/~bjdmeest/function/grel.ttl#string_match' failed to execute with Cannot invoke "java.lang.CharSequence.length()" because "this.text" is null
02:31:07.975 [main] ERROR b.u.r.f.DynamicMultipleRecordsFunctionExecutor.execute(87) - Function 'http://users.ugent.be/~bjdmeest/function/grel.ttl#string_match' failed to execute with Cannot invoke "java.lang.CharSequence.length()" because "this.text" is null
02:31:07.975 [main] ERROR b.u.r.f.DynamicMultipleRecordsFunctionExecutor.execute(87) - Function 'http://users.ugent.be/~bjdmeest/function/grel.ttl#string_match' failed to execute with Cannot invoke "java.lang.CharSequence.length()" because "this.text" is null
02:31:07.976 [main] ERROR b.u.r.f.DynamicMultipleRecordsFunctionExecutor.execute(87) - Function 'http://users.ugent.be/~bjdmeest/function/grel.ttl#string_match' failed to execute with Cannot invoke "java.lang.CharSequence.length()" because "this.text" is null
02:31:07.977 [main] ERROR b.u.r.f.DynamicMultipleRecordsFunctionExecutor.execute(87) - Function 'http://users.ugent.be/~bjdmeest/function/grel.ttl#string_match' failed to execute with Cannot invoke "java.lang.CharSequence.length()" because "this.text" is null
02:31:07.977 [main] ERROR b.u.r.f.DynamicMultipleRecordsFunctionExecutor.execute(87) - Function 'http://users.ugent.be/~bjdmeest/function/grel.ttl#string_match' failed to execute with Cannot invoke "java.lang.CharSequence.length()" because "this.text" is null
02:31:07.978 [main] ERROR b.u.r.f.DynamicMultipleRecordsFunctionExecutor.execute(87) - Function 'http://users.ugent.be/~bjdmeest/function/grel.ttl#string_match' failed to execute with Cannot invoke "java.lang.CharSequence.length()" because "this.text" is null
02:31:07.979 [main] ERROR b.u.r.f.DynamicMultipleRecordsFunctionExecutor.execute(87) - Function 'http://users.ugent.be/~bjdmeest/function/grel.ttl#string_match' failed to execute with Cannot invoke "java.lang.CharSequence.length()" because "this.text" is null
02:31:07.979 [main] ERROR b.u.r.f.DynamicMultipleRecordsFunctionExecutor.execute(87) - Function 'http://users.ugent.be/~bjdmeest/function/grel.ttl#string_match' failed to execute with Cannot invoke "java.lang.CharSequence.length()" because "this.text" is null
02:31:07.980 [main] ERROR b.u.r.f.DynamicMultipleRecordsFunctionExecutor.execute(87) - Function 'http://users.ugent.be/~bjdmeest/function/grel.ttl#string_match' failed to execute with Cannot invoke "java.lang.CharSequence.length()" because "this.text" is null
02:31:07.981 [main] ERROR b.u.r.f.DynamicMultipleRecordsFunctionExecutor.execute(87) - Function 'http://users.ugent.be/~bjdmeest/function/grel.ttl#string_match' failed to execute with Cannot invoke "java.lang.CharSequence.length()" because "this.text" is null
02:31:07.982 [main] ERROR b.u.r.f.DynamicMultipleRecordsFunctionExecutor.execute(87) - Function 'http://users.ugent.be/~bjdmeest/function/grel.ttl#string_match' failed to execute with Cannot invoke "java.lang.CharSequence.length()" because "this.text" is null
02:31:07.983 [main] ERROR b.u.r.f.DynamicMultipleRecordsFunctionExecutor.execute(87) - Function 'http://users.ugent.be/~bjdmeest/function/grel.ttl#string_match' failed to execute with Cannot invoke "java.lang.CharSequence.length()" because "this.text" is null
02:31:07.984 [main] ERROR b.u.r.f.DynamicMultipleRecordsFunctionExecutor.execute(87) - Function 'http://users.ugent.be/~bjdmeest/function/grel.ttl#string_match' failed to execute with Cannot invoke "java.lang.CharSequence.length()" because "this.text" is null
02:31:07.985 [main] ERROR b.u.r.f.DynamicMultipleRecordsFunctionExecutor.execute(87) - Function 'http://users.ugent.be/~bjdmeest/function/grel.ttl#string_match' failed to execute with Cannot invoke "java.lang.CharSequence.length()" because "this.text" is null
02:31:07.986 [main] ERROR b.u.r.f.DynamicMultipleRecordsFunctionExecutor.execute(87) - Function 'http://users.ugent.be/~bjdmeest/function/grel.ttl#string_match' failed to execute with Cannot invoke "java.lang.CharSequence.length()" because "this.text" is null
02:31:07.989 [main] ERROR b.u.r.f.DynamicMultipleRecordsFunctionExecutor.execute(87) - Function 'http://users.ugent.be/~bjdmeest/function/grel.ttl#string_match' failed to execute with Cannot invoke "java.lang.CharSequence.length()" because "this.text" is null
02:31:07.990 [main] ERROR b.u.r.f.DynamicMultipleRecordsFunctionExecutor.execute(87) - Function 'http://users.ugent.be/~bjdmeest/function/grel.ttl#string_match' failed to execute with Cannot invoke "java.lang.CharSequence.length()" because "this.text" is null
02:31:07.991 [main] ERROR b.u.r.f.DynamicMultipleRecordsFunctionExecutor.execute(87) - Function 'http://users.ugent.be/~bjdmeest/function/grel.ttl#string_match' failed to execute with Cannot invoke "java.lang.CharSequence.length()" because "this.text" is null
02:31:07.992 [main] ERROR b.u.r.f.DynamicMultipleRecordsFunctionExecutor.execute(87) - Function 'http://users.ugent.be/~bjdmeest/function/grel.ttl#string_match' failed to execute with Cannot invoke "java.lang.CharSequence.length()" because "this.text" is null
02:31:07.993 [main] ERROR b.u.r.f.DynamicMultipleRecordsFunctionExecutor.execute(87) - Function 'http://users.ugent.be/~bjdmeest/function/grel.ttl#string_match' failed to execute with Cannot invoke "java.lang.CharSequence.length()" because "this.text" is null
02:31:07.994 [main] ERROR b.u.r.f.DynamicMultipleRecordsFunctionExecutor.execute(87) - Function 'http://users.ugent.be/~bjdmeest/function/grel.ttl#string_match' failed to execute with Cannot invoke "java.lang.CharSequence.length()" because "this.text" is null
02:31:07.995 [main] ERROR b.u.r.f.DynamicMultipleRecordsFunctionExecutor.execute(87) - Function 'http://users.ugent.be/~bjdmeest/function/grel.ttl#string_match' failed to execute with Cannot invoke "java.lang.CharSequence.length()" because "this.text" is null
02:31:07.995 [main] ERROR b.u.r.f.DynamicMultipleRecordsFunctionExecutor.execute(87) - Function 'http://users.ugent.be/~bjdmeest/function/grel.ttl#string_match' failed to execute with Cannot invoke "java.lang.CharSequence.length()" because "this.text" is null
02:31:07.996 [main] ERROR b.u.r.f.DynamicMultipleRecordsFunctionExecutor.execute(87) - Function 'http://users.ugent.be/~bjdmeest/function/grel.ttl#string_match' failed to execute with Cannot invoke "java.lang.CharSequence.length()" because "this.text" is null
02:31:07.997 [main] ERROR b.u.r.f.DynamicMultipleRecordsFunctionExecutor.execute(87) - Function 'http://users.ugent.be/~bjdmeest/function/grel.ttl#string_match' failed to execute with Cannot invoke "java.lang.CharSequence.length()" because "this.text" is null
02:31:07.998 [main] ERROR b.u.r.f.DynamicMultipleRecordsFunctionExecutor.execute(87) - Function 'http://users.ugent.be/~bjdmeest/function/grel.ttl#string_match' failed to execute with Cannot invoke "java.lang.CharSequence.length()" because "this.text" is null
02:31:07.999 [main] ERROR b.u.r.f.DynamicMultipleRecordsFunctionExecutor.execute(87) - Function 'http://users.ugent.be/~bjdmeest/function/grel.ttl#string_match' failed to execute with Cannot invoke "java.lang.CharSequence.length()" because "this.text" is null
02:31:08.000 [main] ERROR b.u.r.f.DynamicMultipleRecordsFunctionExecutor.execute(87) - Function 'http://users.ugent.be/~bjdmeest/function/grel.ttl#string_match' failed to execute with Cannot invoke "java.lang.CharSequence.length()" because "this.text" is null
02:31:08.001 [main] ERROR b.u.r.f.DynamicMultipleRecordsFunctionExecutor.execute(87) - Function 'http://users.ugent.be/~bjdmeest/function/grel.ttl#string_match' failed to execute with Cannot invoke "java.lang.CharSequence.length()" because "this.text" is null
02:31:08.002 [main] ERROR b.u.r.f.DynamicMultipleRecordsFunctionExecutor.execute(87) - Function 'http://users.ugent.be/~bjdmeest/function/grel.ttl#string_match' failed to execute with Cannot invoke "java.lang.CharSequence.length()" because "this.text" is null
02:31:08.006 [main] ERROR b.u.r.f.DynamicMultipleRecordsFunctionExecutor.execute(87) - Function 'http://users.ugent.be/~bjdmeest/function/grel.ttl#string_match' failed to execute with Cannot invoke "java.lang.CharSequence.length()" because "this.text" is null
02:31:08.007 [main] ERROR b.u.r.f.DynamicMultipleRecordsFunctionExecutor.execute(87) - Function 'http://users.ugent.be/~bjdmeest/function/grel.ttl#string_match' failed to execute with Cannot invoke "java.lang.CharSequence.length()" because "this.text" is null
02:31:08.008 [main] ERROR b.u.r.f.DynamicMultipleRecordsFunctionExecutor.execute(87) - Function 'http://users.ugent.be/~bjdmeest/function/grel.ttl#string_match' failed to execute with Cannot invoke "java.lang.CharSequence.length()" because "this.text" is null
02:31:08.008 [main] ERROR b.u.r.f.DynamicMultipleRecordsFunctionExecutor.execute(87) - Function 'http://users.ugent.be/~bjdmeest/function/grel.ttl#string_match' failed to execute with Cannot invoke "java.lang.CharSequence.length()" because "this.text" is null
02:31:08.009 [main] ERROR b.u.r.f.DynamicMultipleRecordsFunctionExecutor.execute(87) - Function 'http://users.ugent.be/~bjdmeest/function/grel.ttl#string_match' failed to execute with Cannot invoke "java.lang.CharSequence.length()" because "this.text" is null
02:31:08.010 [main] ERROR b.u.r.f.DynamicMultipleRecordsFunctionExecutor.execute(87) - Function 'http://users.ugent.be/~bjdmeest/function/grel.ttl#string_match' failed to execute with Cannot invoke "java.lang.CharSequence.length()" because "this.text" is null
02:31:08.011 [main] ERROR b.u.r.f.DynamicMultipleRecordsFunctionExecutor.execute(87) - Function 'http://users.ugent.be/~bjdmeest/function/grel.ttl#string_match' failed to execute with Cannot invoke "java.lang.CharSequence.length()" because "this.text" is null
02:31:08.011 [main] ERROR b.u.r.f.DynamicMultipleRecordsFunctionExecutor.execute(87) - Function 'http://users.ugent.be/~bjdmeest/function/grel.ttl#string_match' failed to execute with Cannot invoke "java.lang.CharSequence.length()" because "this.text" is null
02:31:08.012 [main] ERROR b.u.r.f.DynamicMultipleRecordsFunctionExecutor.execute(87) - Function 'http://users.ugent.be/~bjdmeest/function/grel.ttl#string_match' failed to execute with Cannot invoke "java.lang.CharSequence.length()" because "this.text" is null
02:31:08.013 [main] ERROR b.u.r.f.DynamicMultipleRecordsFunctionExecutor.execute(87) - Function 'http://users.ugent.be/~bjdmeest/function/grel.ttl#string_match' failed to execute with Cannot invoke "java.lang.CharSequence.length()" because "this.text" is null
02:31:08.014 [main] ERROR b.u.r.f.DynamicMultipleRecordsFunctionExecutor.execute(87) - Function 'http://users.ugent.be/~bjdmeest/function/grel.ttl#string_match' failed to execute with Cannot invoke "java.lang.CharSequence.length()" because "this.text" is null
02:31:08.014 [main] ERROR b.u.r.f.DynamicMultipleRecordsFunctionExecutor.execute(87) - Function 'http://users.ugent.be/~bjdmeest/function/grel.ttl#string_match' failed to execute with Cannot invoke "java.lang.CharSequence.length()" because "this.text" is null
02:31:08.015 [main] ERROR b.u.r.f.DynamicMultipleRecordsFunctionExecutor.execute(87) - Function 'http://users.ugent.be/~bjdmeest/function/grel.ttl#string_match' failed to execute with Cannot invoke "java.lang.CharSequence.length()" because "this.text" is null
02:31:08.016 [main] ERROR b.u.r.f.DynamicMultipleRecordsFunctionExecutor.execute(87) - Function 'http://users.ugent.be/~bjdmeest/function/grel.ttl#string_match' failed to execute with Cannot invoke "java.lang.CharSequence.length()" because "this.text" is null
02:31:08.017 [main] ERROR b.u.r.f.DynamicMultipleRecordsFunctionExecutor.execute(87) - Function 'http://users.ugent.be/~bjdmeest/function/grel.ttl#string_match' failed to execute with Cannot invoke "java.lang.CharSequence.length()" because "this.text" is null
02:31:08.018 [main] ERROR b.u.r.f.DynamicMultipleRecordsFunctionExecutor.execute(87) - Function 'http://users.ugent.be/~bjdmeest/function/grel.ttl#string_match' failed to execute with Cannot invoke "java.lang.CharSequence.length()" because "this.text" is null
02:31:08.023 [main] ERROR b.u.r.f.DynamicMultipleRecordsFunctionExecutor.execute(87) - Function 'http://users.ugent.be/~bjdmeest/function/grel.ttl#string_match' failed to execute with Cannot invoke "java.lang.CharSequence.length()" because "this.text" is null
02:31:08.024 [main] ERROR b.u.r.f.DynamicMultipleRecordsFunctionExecutor.execute(87) - Function 'http://users.ugent.be/~bjdmeest/function/grel.ttl#string_match' failed to execute with Cannot invoke "java.lang.CharSequence.length()" because "this.text" is null
02:31:08.024 [main] ERROR b.u.r.f.DynamicMultipleRecordsFunctionExecutor.execute(87) - Function 'http://users.ugent.be/~bjdmeest/function/grel.ttl#string_match' failed to execute with Cannot invoke "java.lang.CharSequence.length()" because "this.text" is null
02:31:08.025 [main] ERROR b.u.r.f.DynamicMultipleRecordsFunctionExecutor.execute(87) - Function 'http://users.ugent.be/~bjdmeest/function/grel.ttl#string_match' failed to execute with Cannot invoke "java.lang.CharSequence.length()" because "this.text" is null
02:31:08.026 [main] ERROR b.u.r.f.DynamicMultipleRecordsFunctionExecutor.execute(87) - Function 'http://users.ugent.be/~bjdmeest/function/grel.ttl#string_match' failed to execute with Cannot invoke "java.lang.CharSequence.length()" because "this.text" is null
02:31:08.027 [main] ERROR b.u.r.f.DynamicMultipleRecordsFunctionExecutor.execute(87) - Function 'http://users.ugent.be/~bjdmeest/function/grel.ttl#string_match' failed to execute with Cannot invoke "java.lang.CharSequence.length()" because "this.text" is null
02:31:08.028 [main] ERROR b.u.r.f.DynamicMultipleRecordsFunctionExecutor.execute(87) - Function 'http://users.ugent.be/~bjdmeest/function/grel.ttl#string_match' failed to execute with Cannot invoke "java.lang.CharSequence.length()" because "this.text" is null
02:31:08.028 [main] ERROR b.u.r.f.DynamicMultipleRecordsFunctionExecutor.execute(87) - Function 'http://users.ugent.be/~bjdmeest/function/grel.ttl#string_match' failed to execute with Cannot invoke "java.lang.CharSequence.length()" because "this.text" is null
02:31:08.029 [main] ERROR b.u.r.f.DynamicMultipleRecordsFunctionExecutor.execute(87) - Function 'http://users.ugent.be/~bjdmeest/function/grel.ttl#string_match' failed to execute with Cannot invoke "java.lang.CharSequence.length()" because "this.text" is null
02:31:08.030 [main] ERROR b.u.r.f.DynamicMultipleRecordsFunctionExecutor.execute(87) - Function 'http://users.ugent.be/~bjdmeest/function/grel.ttl#string_match' failed to execute with Cannot invoke "java.lang.CharSequence.length()" because "this.text" is null
02:31:08.031 [main] ERROR b.u.r.f.DynamicMultipleRecordsFunctionExecutor.execute(87) - Function 'http://users.ugent.be/~bjdmeest/function/grel.ttl#string_match' failed to execute with Cannot invoke "java.lang.CharSequence.length()" because "this.text" is null
02:31:08.032 [main] ERROR b.u.r.f.DynamicMultipleRecordsFunctionExecutor.execute(87) - Function 'http://users.ugent.be/~bjdmeest/function/grel.ttl#string_match' failed to execute with Cannot invoke "java.lang.CharSequence.length()" because "this.text" is null
02:31:08.032 [main] ERROR b.u.r.f.DynamicMultipleRecordsFunctionExecutor.execute(87) - Function 'http://users.ugent.be/~bjdmeest/function/grel.ttl#string_match' failed to execute with Cannot invoke "java.lang.CharSequence.length()" because "this.text" is null
02:31:08.033 [main] ERROR b.u.r.f.DynamicMultipleRecordsFunctionExecutor.execute(87) - Function 'http://users.ugent.be/~bjdmeest/function/grel.ttl#string_match' failed to execute with Cannot invoke "java.lang.CharSequence.length()" because "this.text" is null
02:31:08.035 [main] ERROR b.u.r.f.DynamicMultipleRecordsFunctionExecutor.execute(87) - Function 'http://users.ugent.be/~bjdmeest/function/grel.ttl#string_match' failed to execute with Cannot invoke "java.lang.CharSequence.length()" because "this.text" is null
02:31:08.036 [main] ERROR b.u.r.f.DynamicMultipleRecordsFunctionExecutor.execute(87) - Function 'http://users.ugent.be/~bjdmeest/function/grel.ttl#string_match' failed to execute with Cannot invoke "java.lang.CharSequence.length()" because "this.text" is null
02:31:08.038 [main] ERROR b.u.r.f.DynamicMultipleRecordsFunctionExecutor.execute(87) - Function 'http://users.ugent.be/~bjdmeest/function/grel.ttl#string_match' failed to execute with Cannot invoke "java.lang.CharSequence.length()" because "this.text" is null
02:31:08.040 [main] ERROR b.u.r.f.DynamicMultipleRecordsFunctionExecutor.execute(87) - Function 'http://users.ugent.be/~bjdmeest/function/grel.ttl#string_match' failed to execute with Cannot invoke "java.lang.CharSequence.length()" because "this.text" is null
02:31:08.041 [main] ERROR b.u.r.f.DynamicMultipleRecordsFunctionExecutor.execute(87) - Function 'http://users.ugent.be/~bjdmeest/function/grel.ttl#string_match' failed to execute with Cannot invoke "java.lang.CharSequence.length()" because "this.text" is null
02:31:08.041 [main] ERROR b.u.r.f.DynamicMultipleRecordsFunctionExecutor.execute(87) - Function 'http://users.ugent.be/~bjdmeest/function/grel.ttl#string_match' failed to execute with Cannot invoke "java.lang.CharSequence.length()" because "this.text" is null
02:31:08.042 [main] ERROR b.u.r.f.DynamicMultipleRecordsFunctionExecutor.execute(87) - Function 'http://users.ugent.be/~bjdmeest/function/grel.ttl#string_match' failed to execute with Cannot invoke "java.lang.CharSequence.length()" because "this.text" is null
02:31:08.043 [main] ERROR b.u.r.f.DynamicMultipleRecordsFunctionExecutor.execute(87) - Function 'http://users.ugent.be/~bjdmeest/function/grel.ttl#string_match' failed to execute with Cannot invoke "java.lang.CharSequence.length()" because "this.text" is null
02:31:08.044 [main] ERROR b.u.r.f.DynamicMultipleRecordsFunctionExecutor.execute(87) - Function 'http://users.ugent.be/~bjdmeest/function/grel.ttl#string_match' failed to execute with Cannot invoke "java.lang.CharSequence.length()" because "this.text" is null
02:31:08.045 [main] ERROR b.u.r.f.DynamicMultipleRecordsFunctionExecutor.execute(87) - Function 'http://users.ugent.be/~bjdmeest/function/grel.ttl#string_match' failed to execute with Cannot invoke "java.lang.CharSequence.length()" because "this.text" is null
02:31:08.045 [main] ERROR b.u.r.f.DynamicMultipleRecordsFunctionExecutor.execute(87) - Function 'http://users.ugent.be/~bjdmeest/function/grel.ttl#string_match' failed to execute with Cannot invoke "java.lang.CharSequence.length()" because "this.text" is null
02:31:08.046 [main] ERROR b.u.r.f.DynamicMultipleRecordsFunctionExecutor.execute(87) - Function 'http://users.ugent.be/~bjdmeest/function/grel.ttl#string_match' failed to execute with Cannot invoke "java.lang.CharSequence.length()" because "this.text" is null
02:31:08.046 [main] ERROR b.u.r.f.DynamicMultipleRecordsFunctionExecutor.execute(87) - Function 'http://users.ugent.be/~bjdmeest/function/grel.ttl#string_match' failed to execute with Cannot invoke "java.lang.CharSequence.length()" because "this.text" is null
02:31:08.047 [main] ERROR b.u.r.f.DynamicMultipleRecordsFunctionExecutor.execute(87) - Function 'http://users.ugent.be/~bjdmeest/function/grel.ttl#string_match' failed to execute with Cannot invoke "java.lang.CharSequence.length()" because "this.text" is null
02:31:08.047 [main] ERROR b.u.r.f.DynamicMultipleRecordsFunctionExecutor.execute(87) - Function 'http://users.ugent.be/~bjdmeest/function/grel.ttl#string_match' failed to execute with Cannot invoke "java.lang.CharSequence.length()" because "this.text" is null
02:31:08.048 [main] ERROR b.u.r.f.DynamicMultipleRecordsFunctionExecutor.execute(87) - Function 'http://users.ugent.be/~bjdmeest/function/grel.ttl#string_match' failed to execute with Cannot invoke "java.lang.CharSequence.length()" because "this.text" is null
02:31:08.049 [main] ERROR b.u.r.f.DynamicMultipleRecordsFunctionExecutor.execute(87) - Function 'http://users.ugent.be/~bjdmeest/function/grel.ttl#string_match' failed to execute with Cannot invoke "java.lang.CharSequence.length()" because "this.text" is null
02:31:08.050 [main] ERROR b.u.r.f.DynamicMultipleRecordsFunctionExecutor.execute(87) - Function 'http://users.ugent.be/~bjdmeest/function/grel.ttl#string_match' failed to execute with Cannot invoke "java.lang.CharSequence.length()" because "this.text" is null
02:31:08.050 [main] ERROR b.u.r.f.DynamicMultipleRecordsFunctionExecutor.execute(87) - Function 'http://users.ugent.be/~bjdmeest/function/grel.ttl#string_match' failed to execute with Cannot invoke "java.lang.CharSequence.length()" because "this.text" is null
02:31:08.051 [main] ERROR b.u.r.f.DynamicMultipleRecordsFunctionExecutor.execute(87) - Function 'http://users.ugent.be/~bjdmeest/function/grel.ttl#string_match' failed to execute with Cannot invoke "java.lang.CharSequence.length()" because "this.text" is null
02:31:08.053 [main] ERROR b.u.r.f.DynamicMultipleRecordsFunctionExecutor.execute(87) - Function 'http://users.ugent.be/~bjdmeest/function/grel.ttl#string_match' failed to execute with Cannot invoke "java.lang.CharSequence.length()" because "this.text" is null
02:31:08.054 [main] ERROR b.u.r.f.DynamicMultipleRecordsFunctionExecutor.execute(87) - Function 'http://users.ugent.be/~bjdmeest/function/grel.ttl#string_match' failed to execute with Cannot invoke "java.lang.CharSequence.length()" because "this.text" is null
02:31:08.055 [main] ERROR b.u.r.f.DynamicMultipleRecordsFunctionExecutor.execute(87) - Function 'http://users.ugent.be/~bjdmeest/function/grel.ttl#string_match' failed to execute with Cannot invoke "java.lang.CharSequence.length()" because "this.text" is null
02:31:08.056 [main] ERROR b.u.r.f.DynamicMultipleRecordsFunctionExecutor.execute(87) - Function 'http://users.ugent.be/~bjdmeest/function/grel.ttl#string_match' failed to execute with Cannot invoke "java.lang.CharSequence.length()" because "this.text" is null
02:31:08.057 [main] ERROR b.u.r.f.DynamicMultipleRecordsFunctionExecutor.execute(87) - Function 'http://users.ugent.be/~bjdmeest/function/grel.ttl#string_match' failed to execute with Cannot invoke "java.lang.CharSequence.length()" because "this.text" is null
02:31:08.057 [main] ERROR b.u.r.f.DynamicMultipleRecordsFunctionExecutor.execute(87) - Function 'http://users.ugent.be/~bjdmeest/function/grel.ttl#string_match' failed to execute with Cannot invoke "java.lang.CharSequence.length()" because "this.text" is null
02:31:08.058 [main] ERROR b.u.r.f.DynamicMultipleRecordsFunctionExecutor.execute(87) - Function 'http://users.ugent.be/~bjdmeest/function/grel.ttl#string_match' failed to execute with Cannot invoke "java.lang.CharSequence.length()" because "this.text" is null
02:31:08.059 [main] ERROR b.u.r.f.DynamicMultipleRecordsFunctionExecutor.execute(87) - Function 'http://users.ugent.be/~bjdmeest/function/grel.ttl#string_match' failed to execute with Cannot invoke "java.lang.CharSequence.length()" because "this.text" is null
02:31:08.060 [main] ERROR b.u.r.f.DynamicMultipleRecordsFunctionExecutor.execute(87) - Function 'http://users.ugent.be/~bjdmeest/function/grel.ttl#string_match' failed to execute with Cannot invoke "java.lang.CharSequence.length()" because "this.text" is null
02:31:08.061 [main] ERROR b.u.r.f.DynamicMultipleRecordsFunctionExecutor.execute(87) - Function 'http://users.ugent.be/~bjdmeest/function/grel.ttl#string_match' failed to execute with Cannot invoke "java.lang.CharSequence.length()" because "this.text" is null
02:31:08.062 [main] ERROR b.u.r.f.DynamicMultipleRecordsFunctionExecutor.execute(87) - Function 'http://users.ugent.be/~bjdmeest/function/grel.ttl#string_match' failed to execute with Cannot invoke "java.lang.CharSequence.length()" because "this.text" is null
02:31:08.393 [main] ERROR b.u.r.f.DynamicMultipleRecordsFunctionExecutor.execute(87) - Function 'http://users.ugent.be/~bjdmeest/function/grel.ttl#string_match' failed to execute with Cannot invoke "java.lang.CharSequence.length()" because "this.text" is null
02:31:08.393 [main] ERROR b.u.r.f.DynamicMultipleRecordsFunctionExecutor.execute(87) - Function 'http://users.ugent.be/~bjdmeest/function/grel.ttl#string_match' failed to execute with Cannot invoke "java.lang.CharSequence.length()" because "this.text" is null
02:31:08.394 [main] ERROR b.u.r.f.DynamicMultipleRecordsFunctionExecutor.execute(87) - Function 'http://users.ugent.be/~bjdmeest/function/grel.ttl#string_match' failed to execute with Cannot invoke "java.lang.CharSequence.length()" because "this.text" is null
02:31:08.395 [main] ERROR b.u.r.f.DynamicMultipleRecordsFunctionExecutor.execute(87) - Function 'http://users.ugent.be/~bjdmeest/function/grel.ttl#string_match' failed to execute with Cannot invoke "java.lang.CharSequence.length()" because "this.text" is null
02:31:08.396 [main] ERROR b.u.r.f.DynamicMultipleRecordsFunctionExecutor.execute(87) - Function 'http://users.ugent.be/~bjdmeest/function/grel.ttl#string_match' failed to execute with Cannot invoke "java.lang.CharSequence.length()" because "this.text" is null
02:31:08.397 [main] ERROR b.u.r.f.DynamicMultipleRecordsFunctionExecutor.execute(87) - Function 'http://users.ugent.be/~bjdmeest/function/grel.ttl#string_match' failed to execute with Cannot invoke "java.lang.CharSequence.length()" because "this.text" is null
02:31:08.398 [main] ERROR b.u.r.f.DynamicMultipleRecordsFunctionExecutor.execute(87) - Function 'http://users.ugent.be/~bjdmeest/function/grel.ttl#string_match' failed to execute with Cannot invoke "java.lang.CharSequence.length()" because "this.text" is null
02:31:08.399 [main] ERROR b.u.r.f.DynamicMultipleRecordsFunctionExecutor.execute(87) - Function 'http://users.ugent.be/~bjdmeest/function/grel.ttl#string_match' failed to execute with Cannot invoke "java.lang.CharSequence.length()" because "this.text" is null
02:31:08.400 [main] ERROR b.u.r.f.DynamicMultipleRecordsFunctionExecutor.execute(87) - Function 'http://users.ugent.be/~bjdmeest/function/grel.ttl#string_match' failed to execute with Cannot invoke "java.lang.CharSequence.length()" because "this.text" is null
02:31:08.401 [main] ERROR b.u.r.f.DynamicMultipleRecordsFunctionExecutor.execute(87) - Function 'http://users.ugent.be/~bjdmeest/function/grel.ttl#string_match' failed to execute with Cannot invoke "java.lang.CharSequence.length()" because "this.text" is null
02:31:08.402 [main] ERROR b.u.r.f.DynamicMultipleRecordsFunctionExecutor.execute(87) - Function 'http://users.ugent.be/~bjdmeest/function/grel.ttl#string_match' failed to execute with Cannot invoke "java.lang.CharSequence.length()" because "this.text" is null
02:31:08.403 [main] ERROR b.u.r.f.DynamicMultipleRecordsFunctionExecutor.execute(87) - Function 'http://users.ugent.be/~bjdmeest/function/grel.ttl#string_match' failed to execute with Cannot invoke "java.lang.CharSequence.length()" because "this.text" is null
02:31:08.404 [main] ERROR b.u.r.f.DynamicMultipleRecordsFunctionExecutor.execute(87) - Function 'http://users.ugent.be/~bjdmeest/function/grel.ttl#string_match' failed to execute with Cannot invoke "java.lang.CharSequence.length()" because "this.text" is null
02:31:08.405 [main] ERROR b.u.r.f.DynamicMultipleRecordsFunctionExecutor.execute(87) - Function 'http://users.ugent.be/~bjdmeest/function/grel.ttl#string_match' failed to execute with Cannot invoke "java.lang.CharSequence.length()" because "this.text" is null
02:31:08.405 [main] ERROR b.u.r.f.DynamicMultipleRecordsFunctionExecutor.execute(87) - Function 'http://users.ugent.be/~bjdmeest/function/grel.ttl#string_match' failed to execute with Cannot invoke "java.lang.CharSequence.length()" because "this.text" is null
02:31:08.406 [main] ERROR b.u.r.f.DynamicMultipleRecordsFunctionExecutor.execute(87) - Function 'http://users.ugent.be/~bjdmeest/function/grel.ttl#string_match' failed to execute with Cannot invoke "java.lang.CharSequence.length()" because "this.text" is null
02:31:08.407 [main] ERROR b.u.r.f.DynamicMultipleRecordsFunctionExecutor.execute(87) - Function 'http://users.ugent.be/~bjdmeest/function/grel.ttl#string_match' failed to execute with Cannot invoke "java.lang.CharSequence.length()" because "this.text" is null
02:31:08.407 [main] ERROR b.u.r.f.DynamicMultipleRecordsFunctionExecutor.execute(87) - Function 'http://users.ugent.be/~bjdmeest/function/grel.ttl#string_match' failed to execute with Cannot invoke "java.lang.CharSequence.length()" because "this.text" is null
02:31:08.408 [main] ERROR b.u.r.f.DynamicMultipleRecordsFunctionExecutor.execute(87) - Function 'http://users.ugent.be/~bjdmeest/function/grel.ttl#string_match' failed to execute with Cannot invoke "java.lang.CharSequence.length()" because "this.text" is null
02:31:08.409 [main] ERROR b.u.r.f.DynamicMultipleRecordsFunctionExecutor.execute(87) - Function 'http://users.ugent.be/~bjdmeest/function/grel.ttl#string_match' failed to execute with Cannot invoke "java.lang.CharSequence.length()" because "this.text" is null
02:31:08.409 [main] ERROR b.u.r.f.DynamicMultipleRecordsFunctionExecutor.execute(87) - Function 'http://users.ugent.be/~bjdmeest/function/grel.ttl#string_match' failed to execute with Cannot invoke "java.lang.CharSequence.length()" because "this.text" is null
02:31:08.410 [main] ERROR b.u.r.f.DynamicMultipleRecordsFunctionExecutor.execute(87) - Function 'http://users.ugent.be/~bjdmeest/function/grel.ttl#string_match' failed to execute with Cannot invoke "java.lang.CharSequence.length()" because "this.text" is null
02:31:08.411 [main] ERROR b.u.r.f.DynamicMultipleRecordsFunctionExecutor.execute(87) - Function 'http://users.ugent.be/~bjdmeest/function/grel.ttl#string_match' failed to execute with Cannot invoke "java.lang.CharSequence.length()" because "this.text" is null
02:31:08.412 [main] ERROR b.u.r.f.DynamicMultipleRecordsFunctionExecutor.execute(87) - Function 'http://users.ugent.be/~bjdmeest/function/grel.ttl#string_match' failed to execute with Cannot invoke "java.lang.CharSequence.length()" because "this.text" is null
02:31:08.414 [main] ERROR b.u.r.f.DynamicMultipleRecordsFunctionExecutor.execute(87) - Function 'http://users.ugent.be/~bjdmeest/function/grel.ttl#string_match' failed to execute with Cannot invoke "java.lang.CharSequence.length()" because "this.text" is null
02:31:08.415 [main] ERROR b.u.r.f.DynamicMultipleRecordsFunctionExecutor.execute(87) - Function 'http://users.ugent.be/~bjdmeest/function/grel.ttl#string_match' failed to execute with Cannot invoke "java.lang.CharSequence.length()" because "this.text" is null
02:31:08.416 [main] ERROR b.u.r.f.DynamicMultipleRecordsFunctionExecutor.execute(87) - Function 'http://users.ugent.be/~bjdmeest/function/grel.ttl#string_match' failed to execute with Cannot invoke "java.lang.CharSequence.length()" because "this.text" is null
02:31:08.418 [main] ERROR b.u.r.f.DynamicMultipleRecordsFunctionExecutor.execute(87) - Function 'http://users.ugent.be/~bjdmeest/function/grel.ttl#string_match' failed to execute with Cannot invoke "java.lang.CharSequence.length()" because "this.text" is null
02:31:08.419 [main] ERROR b.u.r.f.DynamicMultipleRecordsFunctionExecutor.execute(87) - Function 'http://users.ugent.be/~bjdmeest/function/grel.ttl#string_match' failed to execute with Cannot invoke "java.lang.CharSequence.length()" because "this.text" is null
02:31:08.422 [main] ERROR b.u.r.f.DynamicMultipleRecordsFunctionExecutor.execute(87) - Function 'http://users.ugent.be/~bjdmeest/function/grel.ttl#string_match' failed to execute with Cannot invoke "java.lang.CharSequence.length()" because "this.text" is null
02:31:08.423 [main] ERROR b.u.r.f.DynamicMultipleRecordsFunctionExecutor.execute(87) - Function 'http://users.ugent.be/~bjdmeest/function/grel.ttl#string_match' failed to execute with Cannot invoke "java.lang.CharSequence.length()" because "this.text" is null
02:31:08.423 [main] ERROR b.u.r.f.DynamicMultipleRecordsFunctionExecutor.execute(87) - Function 'http://users.ugent.be/~bjdmeest/function/grel.ttl#string_match' failed to execute with Cannot invoke "java.lang.CharSequence.length()" because "this.text" is null
02:31:08.424 [main] ERROR b.u.r.f.DynamicMultipleRecordsFunctionExecutor.execute(87) - Function 'http://users.ugent.be/~bjdmeest/function/grel.ttl#string_match' failed to execute with Cannot invoke "java.lang.CharSequence.length()" because "this.text" is null
02:31:08.425 [main] ERROR b.u.r.f.DynamicMultipleRecordsFunctionExecutor.execute(87) - Function 'http://users.ugent.be/~bjdmeest/function/grel.ttl#string_match' failed to execute with Cannot invoke "java.lang.CharSequence.length()" because "this.text" is null
02:31:08.425 [main] ERROR b.u.r.f.DynamicMultipleRecordsFunctionExecutor.execute(87) - Function 'http://users.ugent.be/~bjdmeest/function/grel.ttl#string_match' failed to execute with Cannot invoke "java.lang.CharSequence.length()" because "this.text" is null
02:31:08.426 [main] ERROR b.u.r.f.DynamicMultipleRecordsFunctionExecutor.execute(87) - Function 'http://users.ugent.be/~bjdmeest/function/grel.ttl#string_match' failed to execute with Cannot invoke "java.lang.CharSequence.length()" because "this.text" is null
02:31:08.427 [main] ERROR b.u.r.f.DynamicMultipleRecordsFunctionExecutor.execute(87) - Function 'http://users.ugent.be/~bjdmeest/function/grel.ttl#string_match' failed to execute with Cannot invoke "java.lang.CharSequence.length()" because "this.text" is null
02:31:08.428 [main] ERROR b.u.r.f.DynamicMultipleRecordsFunctionExecutor.execute(87) - Function 'http://users.ugent.be/~bjdmeest/function/grel.ttl#string_match' failed to execute with Cannot invoke "java.lang.CharSequence.length()" because "this.text" is null
02:31:08.428 [main] ERROR b.u.r.f.DynamicMultipleRecordsFunctionExecutor.execute(87) - Function 'http://users.ugent.be/~bjdmeest/function/grel.ttl#string_match' failed to execute with Cannot invoke "java.lang.CharSequence.length()" because "this.text" is null
02:31:08.429 [main] ERROR b.u.r.f.DynamicMultipleRecordsFunctionExecutor.execute(87) - Function 'http://users.ugent.be/~bjdmeest/function/grel.ttl#string_match' failed to execute with Cannot invoke "java.lang.CharSequence.length()" because "this.text" is null
02:31:08.430 [main] ERROR b.u.r.f.DynamicMultipleRecordsFunctionExecutor.execute(87) - Function 'http://users.ugent.be/~bjdmeest/function/grel.ttl#string_match' failed to execute with Cannot invoke "java.lang.CharSequence.length()" because "this.text" is null
02:31:08.431 [main] ERROR b.u.r.f.DynamicMultipleRecordsFunctionExecutor.execute(87) - Function 'http://users.ugent.be/~bjdmeest/function/grel.ttl#string_match' failed to execute with Cannot invoke "java.lang.CharSequence.length()" because "this.text" is null
02:31:08.432 [main] ERROR b.u.r.f.DynamicMultipleRecordsFunctionExecutor.execute(87) - Function 'http://users.ugent.be/~bjdmeest/function/grel.ttl#string_match' failed to execute with Cannot invoke "java.lang.CharSequence.length()" because "this.text" is null
02:31:08.433 [main] ERROR b.u.r.f.DynamicMultipleRecordsFunctionExecutor.execute(87) - Function 'http://users.ugent.be/~bjdmeest/function/grel.ttl#string_match' failed to execute with Cannot invoke "java.lang.CharSequence.length()" because "this.text" is null
02:31:08.434 [main] ERROR b.u.r.f.DynamicMultipleRecordsFunctionExecutor.execute(87) - Function 'http://users.ugent.be/~bjdmeest/function/grel.ttl#string_match' failed to execute with Cannot invoke "java.lang.CharSequence.length()" because "this.text" is null
02:31:08.434 [main] ERROR b.u.r.f.DynamicMultipleRecordsFunctionExecutor.execute(87) - Function 'http://users.ugent.be/~bjdmeest/function/grel.ttl#string_match' failed to execute with Cannot invoke "java.lang.CharSequence.length()" because "this.text" is null
02:31:08.435 [main] ERROR b.u.r.f.DynamicMultipleRecordsFunctionExecutor.execute(87) - Function 'http://users.ugent.be/~bjdmeest/function/grel.ttl#string_match' failed to execute with Cannot invoke "java.lang.CharSequence.length()" because "this.text" is null
02:31:08.436 [main] ERROR b.u.r.f.DynamicMultipleRecordsFunctionExecutor.execute(87) - Function 'http://users.ugent.be/~bjdmeest/function/grel.ttl#string_match' failed to execute with Cannot invoke "java.lang.CharSequence.length()" because "this.text" is null
02:31:08.438 [main] ERROR b.u.r.f.DynamicMultipleRecordsFunctionExecutor.execute(87) - Function 'http://users.ugent.be/~bjdmeest/function/grel.ttl#string_match' failed to execute with Cannot invoke "java.lang.CharSequence.length()" because "this.text" is null
02:31:08.439 [main] ERROR b.u.r.f.DynamicMultipleRecordsFunctionExecutor.execute(87) - Function 'http://users.ugent.be/~bjdmeest/function/grel.ttl#string_match' failed to execute with Cannot invoke "java.lang.CharSequence.length()" because "this.text" is null
02:31:08.440 [main] ERROR b.u.r.f.DynamicMultipleRecordsFunctionExecutor.execute(87) - Function 'http://users.ugent.be/~bjdmeest/function/grel.ttl#string_match' failed to execute with Cannot invoke "java.lang.CharSequence.length()" because "this.text" is null
02:31:08.441 [main] ERROR b.u.r.f.DynamicMultipleRecordsFunctionExecutor.execute(87) - Function 'http://users.ugent.be/~bjdmeest/function/grel.ttl#string_match' failed to execute with Cannot invoke "java.lang.CharSequence.length()" because "this.text" is null
02:31:08.441 [main] ERROR b.u.r.f.DynamicMultipleRecordsFunctionExecutor.execute(87) - Function 'http://users.ugent.be/~bjdmeest/function/grel.ttl#string_match' failed to execute with Cannot invoke "java.lang.CharSequence.length()" because "this.text" is null
02:31:08.442 [main] ERROR b.u.r.f.DynamicMultipleRecordsFunctionExecutor.execute(87) - Function 'http://users.ugent.be/~bjdmeest/function/grel.ttl#string_match' failed to execute with Cannot invoke "java.lang.CharSequence.length()" because "this.text" is null
02:31:08.443 [main] ERROR b.u.r.f.DynamicMultipleRecordsFunctionExecutor.execute(87) - Function 'http://users.ugent.be/~bjdmeest/function/grel.ttl#string_match' failed to execute with Cannot invoke "java.lang.CharSequence.length()" because "this.text" is null
02:31:08.443 [main] ERROR b.u.r.f.DynamicMultipleRecordsFunctionExecutor.execute(87) - Function 'http://users.ugent.be/~bjdmeest/function/grel.ttl#string_match' failed to execute with Cannot invoke "java.lang.CharSequence.length()" because "this.text" is null
02:31:08.444 [main] ERROR b.u.r.f.DynamicMultipleRecordsFunctionExecutor.execute(87) - Function 'http://users.ugent.be/~bjdmeest/function/grel.ttl#string_match' failed to execute with Cannot invoke "java.lang.CharSequence.length()" because "this.text" is null
02:31:08.445 [main] ERROR b.u.r.f.DynamicMultipleRecordsFunctionExecutor.execute(87) - Function 'http://users.ugent.be/~bjdmeest/function/grel.ttl#string_match' failed to execute with Cannot invoke "java.lang.CharSequence.length()" because "this.text" is null
02:31:08.446 [main] ERROR b.u.r.f.DynamicMultipleRecordsFunctionExecutor.execute(87) - Function 'http://users.ugent.be/~bjdmeest/function/grel.ttl#string_match' failed to execute with Cannot invoke "java.lang.CharSequence.length()" because "this.text" is null
02:31:08.446 [main] ERROR b.u.r.f.DynamicMultipleRecordsFunctionExecutor.execute(87) - Function 'http://users.ugent.be/~bjdmeest/function/grel.ttl#string_match' failed to execute with Cannot invoke "java.lang.CharSequence.length()" because "this.text" is null
02:31:08.447 [main] ERROR b.u.r.f.DynamicMultipleRecordsFunctionExecutor.execute(87) - Function 'http://users.ugent.be/~bjdmeest/function/grel.ttl#string_match' failed to execute with Cannot invoke "java.lang.CharSequence.length()" because "this.text" is null
02:31:08.448 [main] ERROR b.u.r.f.DynamicMultipleRecordsFunctionExecutor.execute(87) - Function 'http://users.ugent.be/~bjdmeest/function/grel.ttl#string_match' failed to execute with Cannot invoke "java.lang.CharSequence.length()" because "this.text" is null
02:31:08.449 [main] ERROR b.u.r.f.DynamicMultipleRecordsFunctionExecutor.execute(87) - Function 'http://users.ugent.be/~bjdmeest/function/grel.ttl#string_match' failed to execute with Cannot invoke "java.lang.CharSequence.length()" because "this.text" is null
02:31:08.450 [main] ERROR b.u.r.f.DynamicMultipleRecordsFunctionExecutor.execute(87) - Function 'http://users.ugent.be/~bjdmeest/function/grel.ttl#string_match' failed to execute with Cannot invoke "java.lang.CharSequence.length()" because "this.text" is null
02:31:08.451 [main] ERROR b.u.r.f.DynamicMultipleRecordsFunctionExecutor.execute(87) - Function 'http://users.ugent.be/~bjdmeest/function/grel.ttl#string_match' failed to execute with Cannot invoke "java.lang.CharSequence.length()" because "this.text" is null
02:31:08.452 [main] ERROR b.u.r.f.DynamicMultipleRecordsFunctionExecutor.execute(87) - Function 'http://users.ugent.be/~bjdmeest/function/grel.ttl#string_match' failed to execute with Cannot invoke "java.lang.CharSequence.length()" because "this.text" is null
02:31:08.452 [main] ERROR b.u.r.f.DynamicMultipleRecordsFunctionExecutor.execute(87) - Function 'http://users.ugent.be/~bjdmeest/function/grel.ttl#string_match' failed to execute with Cannot invoke "java.lang.CharSequence.length()" because "this.text" is null
02:31:08.453 [main] ERROR b.u.r.f.DynamicMultipleRecordsFunctionExecutor.execute(87) - Function 'http://users.ugent.be/~bjdmeest/function/grel.ttl#string_match' failed to execute with Cannot invoke "java.lang.CharSequence.length()" because "this.text" is null
02:31:08.454 [main] ERROR b.u.r.f.DynamicMultipleRecordsFunctionExecutor.execute(87) - Function 'http://users.ugent.be/~bjdmeest/function/grel.ttl#string_match' failed to execute with Cannot invoke "java.lang.CharSequence.length()" because "this.text" is null
02:31:08.455 [main] ERROR b.u.r.f.DynamicMultipleRecordsFunctionExecutor.execute(87) - Function 'http://users.ugent.be/~bjdmeest/function/grel.ttl#string_match' failed to execute with Cannot invoke "java.lang.CharSequence.length()" because "this.text" is null
02:31:08.456 [main] ERROR b.u.r.f.DynamicMultipleRecordsFunctionExecutor.execute(87) - Function 'http://users.ugent.be/~bjdmeest/function/grel.ttl#string_match' failed to execute with Cannot invoke "java.lang.CharSequence.length()" because "this.text" is null
02:31:08.457 [main] ERROR b.u.r.f.DynamicMultipleRecordsFunctionExecutor.execute(87) - Function 'http://users.ugent.be/~bjdmeest/function/grel.ttl#string_match' failed to execute with Cannot invoke "java.lang.CharSequence.length()" because "this.text" is null
02:31:08.458 [main] ERROR b.u.r.f.DynamicMultipleRecordsFunctionExecutor.execute(87) - Function 'http://users.ugent.be/~bjdmeest/function/grel.ttl#string_match' failed to execute with Cannot invoke "java.lang.CharSequence.length()" because "this.text" is null
02:31:08.458 [main] ERROR b.u.r.f.DynamicMultipleRecordsFunctionExecutor.execute(87) - Function 'http://users.ugent.be/~bjdmeest/function/grel.ttl#string_match' failed to execute with Cannot invoke "java.lang.CharSequence.length()" because "this.text" is null
02:31:08.459 [main] ERROR b.u.r.f.DynamicMultipleRecordsFunctionExecutor.execute(87) - Function 'http://users.ugent.be/~bjdmeest/function/grel.ttl#string_match' failed to execute with Cannot invoke "java.lang.CharSequence.length()" because "this.text" is null
02:31:08.460 [main] ERROR b.u.r.f.DynamicMultipleRecordsFunctionExecutor.execute(87) - Function 'http://users.ugent.be/~bjdmeest/function/grel.ttl#string_match' failed to execute with Cannot invoke "java.lang.CharSequence.length()" because "this.text" is null
02:31:08.461 [main] ERROR b.u.r.f.DynamicMultipleRecordsFunctionExecutor.execute(87) - Function 'http://users.ugent.be/~bjdmeest/function/grel.ttl#string_match' failed to execute with Cannot invoke "java.lang.CharSequence.length()" because "this.text" is null
02:31:08.461 [main] ERROR b.u.r.f.DynamicMultipleRecordsFunctionExecutor.execute(87) - Function 'http://users.ugent.be/~bjdmeest/function/grel.ttl#string_match' failed to execute with Cannot invoke "java.lang.CharSequence.length()" because "this.text" is null
02:31:08.462 [main] ERROR b.u.r.f.DynamicMultipleRecordsFunctionExecutor.execute(87) - Function 'http://users.ugent.be/~bjdmeest/function/grel.ttl#string_match' failed to execute with Cannot invoke "java.lang.CharSequence.length()" because "this.text" is null
02:31:08.463 [main] ERROR b.u.r.f.DynamicMultipleRecordsFunctionExecutor.execute(87) - Function 'http://users.ugent.be/~bjdmeest/function/grel.ttl#string_match' failed to execute with Cannot invoke "java.lang.CharSequence.length()" because "this.text" is null
02:31:08.463 [main] ERROR b.u.r.f.DynamicMultipleRecordsFunctionExecutor.execute(87) - Function 'http://users.ugent.be/~bjdmeest/function/grel.ttl#string_match' failed to execute with Cannot invoke "java.lang.CharSequence.length()" because "this.text" is null
02:31:08.464 [main] ERROR b.u.r.f.DynamicMultipleRecordsFunctionExecutor.execute(87) - Function 'http://users.ugent.be/~bjdmeest/function/grel.ttl#string_match' failed to execute with Cannot invoke "java.lang.CharSequence.length()" because "this.text" is null
02:31:08.465 [main] ERROR b.u.r.f.DynamicMultipleRecordsFunctionExecutor.execute(87) - Function 'http://users.ugent.be/~bjdmeest/function/grel.ttl#string_match' failed to execute with Cannot invoke "java.lang.CharSequence.length()" because "this.text" is null
02:31:08.465 [main] ERROR b.u.r.f.DynamicMultipleRecordsFunctionExecutor.execute(87) - Function 'http://users.ugent.be/~bjdmeest/function/grel.ttl#string_match' failed to execute with Cannot invoke "java.lang.CharSequence.length()" because "this.text" is null
02:31:08.466 [main] ERROR b.u.r.f.DynamicMultipleRecordsFunctionExecutor.execute(87) - Function 'http://users.ugent.be/~bjdmeest/function/grel.ttl#string_match' failed to execute with Cannot invoke "java.lang.CharSequence.length()" because "this.text" is null
02:31:08.467 [main] ERROR b.u.r.f.DynamicMultipleRecordsFunctionExecutor.execute(87) - Function 'http://users.ugent.be/~bjdmeest/function/grel.ttl#string_match' failed to execute with Cannot invoke "java.lang.CharSequence.length()" because "this.text" is null
02:31:08.468 [main] ERROR b.u.r.f.DynamicMultipleRecordsFunctionExecutor.execute(87) - Function 'http://users.ugent.be/~bjdmeest/function/grel.ttl#string_match' failed to execute with Cannot invoke "java.lang.CharSequence.length()" because "this.text" is null
02:31:08.468 [main] ERROR b.u.r.f.DynamicMultipleRecordsFunctionExecutor.execute(87) - Function 'http://users.ugent.be/~bjdmeest/function/grel.ttl#string_match' failed to execute with Cannot invoke "java.lang.CharSequence.length()" because "this.text" is null
02:31:08.469 [main] ERROR b.u.r.f.DynamicMultipleRecordsFunctionExecutor.execute(87) - Function 'http://users.ugent.be/~bjdmeest/function/grel.ttl#string_match' failed to execute with Cannot invoke "java.lang.CharSequence.length()" because "this.text" is null
02:31:08.470 [main] ERROR b.u.r.f.DynamicMultipleRecordsFunctionExecutor.execute(87) - Function 'http://users.ugent.be/~bjdmeest/function/grel.ttl#string_match' failed to execute with Cannot invoke "java.lang.CharSequence.length()" because "this.text" is null
02:31:08.471 [main] ERROR b.u.r.f.DynamicMultipleRecordsFunctionExecutor.execute(87) - Function 'http://users.ugent.be/~bjdmeest/function/grel.ttl#string_match' failed to execute with Cannot invoke "java.lang.CharSequence.length()" because "this.text" is null
02:31:08.474 [main] ERROR b.u.r.f.DynamicMultipleRecordsFunctionExecutor.execute(87) - Function 'http://users.ugent.be/~bjdmeest/function/grel.ttl#string_match' failed to execute with Cannot invoke "java.lang.CharSequence.length()" because "this.text" is null
02:31:08.474 [main] ERROR b.u.r.f.DynamicMultipleRecordsFunctionExecutor.execute(87) - Function 'http://users.ugent.be/~bjdmeest/function/grel.ttl#string_match' failed to execute with Cannot invoke "java.lang.CharSequence.length()" because "this.text" is null
02:31:08.475 [main] ERROR b.u.r.f.DynamicMultipleRecordsFunctionExecutor.execute(87) - Function 'http://users.ugent.be/~bjdmeest/function/grel.ttl#string_match' failed to execute with Cannot invoke "java.lang.CharSequence.length()" because "this.text" is null
02:31:08.478 [main] ERROR b.u.r.f.DynamicMultipleRecordsFunctionExecutor.execute(87) - Function 'http://users.ugent.be/~bjdmeest/function/grel.ttl#string_match' failed to execute with Cannot invoke "java.lang.CharSequence.length()" because "this.text" is null
02:31:08.479 [main] ERROR b.u.r.f.DynamicMultipleRecordsFunctionExecutor.execute(87) - Function 'http://users.ugent.be/~bjdmeest/function/grel.ttl#string_match' failed to execute with Cannot invoke "java.lang.CharSequence.length()" because "this.text" is null
02:31:08.480 [main] ERROR b.u.r.f.DynamicMultipleRecordsFunctionExecutor.execute(87) - Function 'http://users.ugent.be/~bjdmeest/function/grel.ttl#string_match' failed to execute with Cannot invoke "java.lang.CharSequence.length()" because "this.text" is null
02:31:08.480 [main] ERROR b.u.r.f.DynamicMultipleRecordsFunctionExecutor.execute(87) - Function 'http://users.ugent.be/~bjdmeest/function/grel.ttl#string_match' failed to execute with Cannot invoke "java.lang.CharSequence.length()" because "this.text" is null
02:31:08.481 [main] ERROR b.u.r.f.DynamicMultipleRecordsFunctionExecutor.execute(87) - Function 'http://users.ugent.be/~bjdmeest/function/grel.ttl#string_match' failed to execute with Cannot invoke "java.lang.CharSequence.length()" because "this.text" is null
02:31:08.481 [main] ERROR b.u.r.f.DynamicMultipleRecordsFunctionExecutor.execute(87) - Function 'http://users.ugent.be/~bjdmeest/function/grel.ttl#string_match' failed to execute with Cannot invoke "java.lang.CharSequence.length()" because "this.text" is null
02:31:08.957 [main] ERROR b.u.r.f.DynamicMultipleRecordsFunctionExecutor.execute(87) - Function 'http://users.ugent.be/~bjdmeest/function/grel.ttl#string_match' failed to execute with null
02:31:08.958 [main] ERROR b.u.r.f.DynamicMultipleRecordsFunctionExecutor.execute(87) - Function 'http://users.ugent.be/~bjdmeest/function/grel.ttl#string_match' failed to execute with null
02:31:08.958 [main] ERROR b.u.r.f.DynamicMultipleRecordsFunctionExecutor.execute(87) - Function 'http://users.ugent.be/~bjdmeest/function/grel.ttl#string_match' failed to execute with null
02:31:08.958 [main] ERROR b.u.r.f.DynamicMultipleRecordsFunctionExecutor.execute(87) - Function 'http://users.ugent.be/~bjdmeest/function/grel.ttl#string_match' failed to execute with null
02:31:08.959 [main] ERROR b.u.r.f.DynamicMultipleRecordsFunctionExecutor.execute(87) - Function 'http://users.ugent.be/~bjdmeest/function/grel.ttl#string_match' failed to execute with null
02:31:08.959 [main] ERROR b.u.r.f.DynamicMultipleRecordsFunctionExecutor.execute(87) - Function 'http://users.ugent.be/~bjdmeest/function/grel.ttl#string_match' failed to execute with null
02:31:08.960 [main] ERROR b.u.r.f.DynamicMultipleRecordsFunctionExecutor.execute(87) - Function 'http://users.ugent.be/~bjdmeest/function/grel.ttl#string_match' failed to execute with null
02:31:08.960 [main] ERROR b.u.r.f.DynamicMultipleRecordsFunctionExecutor.execute(87) - Function 'http://users.ugent.be/~bjdmeest/function/grel.ttl#string_match' failed to execute with null
02:31:08.960 [main] ERROR b.u.r.f.DynamicMultipleRecordsFunctionExecutor.execute(87) - Function 'http://users.ugent.be/~bjdmeest/function/grel.ttl#string_match' failed to execute with null
02:31:08.961 [main] ERROR b.u.r.f.DynamicMultipleRecordsFunctionExecutor.execute(87) - Function 'http://users.ugent.be/~bjdmeest/function/grel.ttl#string_match' failed to execute with null
02:31:08.961 [main] ERROR b.u.r.f.DynamicMultipleRecordsFunctionExecutor.execute(87) - Function 'http://users.ugent.be/~bjdmeest/function/grel.ttl#string_match' failed to execute with null
02:31:08.962 [main] ERROR b.u.r.f.DynamicMultipleRecordsFunctionExecutor.execute(87) - Function 'http://users.ugent.be/~bjdmeest/function/grel.ttl#string_match' failed to execute with null
02:31:08.962 [main] ERROR b.u.r.f.DynamicMultipleRecordsFunctionExecutor.execute(87) - Function 'http://users.ugent.be/~bjdmeest/function/grel.ttl#string_match' failed to execute with null
02:31:08.962 [main] ERROR b.u.r.f.DynamicMultipleRecordsFunctionExecutor.execute(87) - Function 'http://users.ugent.be/~bjdmeest/function/grel.ttl#string_match' failed to execute with null
02:31:08.963 [main] ERROR b.u.r.f.DynamicMultipleRecordsFunctionExecutor.execute(87) - Function 'http://users.ugent.be/~bjdmeest/function/grel.ttl#string_match' failed to execute with null
02:31:08.963 [main] ERROR b.u.r.f.DynamicMultipleRecordsFunctionExecutor.execute(87) - Function 'http://users.ugent.be/~bjdmeest/function/grel.ttl#string_match' failed to execute with null
02:31:08.964 [main] ERROR b.u.r.f.DynamicMultipleRecordsFunctionExecutor.execute(87) - Function 'http://users.ugent.be/~bjdmeest/function/grel.ttl#string_match' failed to execute with null
02:31:08.964 [main] ERROR b.u.r.f.DynamicMultipleRecordsFunctionExecutor.execute(87) - Function 'http://users.ugent.be/~bjdmeest/function/grel.ttl#string_match' failed to execute with null
02:31:08.964 [main] ERROR b.u.r.f.DynamicMultipleRecordsFunctionExecutor.execute(87) - Function 'http://users.ugent.be/~bjdmeest/function/grel.ttl#string_match' failed to execute with null
02:31:08.965 [main] ERROR b.u.r.f.DynamicMultipleRecordsFunctionExecutor.execute(87) - Function 'http://users.ugent.be/~bjdmeest/function/grel.ttl#string_match' failed to execute with null
02:31:08.965 [main] ERROR b.u.r.f.DynamicMultipleRecordsFunctionExecutor.execute(87) - Function 'http://users.ugent.be/~bjdmeest/function/grel.ttl#string_match' failed to execute with null
02:31:08.966 [main] ERROR b.u.r.f.DynamicMultipleRecordsFunctionExecutor.execute(87) - Function 'http://users.ugent.be/~bjdmeest/function/grel.ttl#string_match' failed to execute with null
02:31:08.966 [main] ERROR b.u.r.f.DynamicMultipleRecordsFunctionExecutor.execute(87) - Function 'http://users.ugent.be/~bjdmeest/function/grel.ttl#string_match' failed to execute with null
02:31:08.966 [main] ERROR b.u.r.f.DynamicMultipleRecordsFunctionExecutor.execute(87) - Function 'http://users.ugent.be/~bjdmeest/function/grel.ttl#string_match' failed to execute with null
02:31:08.967 [main] ERROR b.u.r.f.DynamicMultipleRecordsFunctionExecutor.execute(87) - Function 'http://users.ugent.be/~bjdmeest/function/grel.ttl#string_match' failed to execute with null
02:31:08.968 [main] ERROR b.u.r.f.DynamicMultipleRecordsFunctionExecutor.execute(87) - Function 'http://users.ugent.be/~bjdmeest/function/grel.ttl#string_match' failed to execute with null
02:31:08.968 [main] ERROR b.u.r.f.DynamicMultipleRecordsFunctionExecutor.execute(87) - Function 'http://users.ugent.be/~bjdmeest/function/grel.ttl#string_match' failed to execute with null
02:31:08.968 [main] ERROR b.u.r.f.DynamicMultipleRecordsFunctionExecutor.execute(87) - Function 'http://users.ugent.be/~bjdmeest/function/grel.ttl#string_match' failed to execute with null
02:31:08.969 [main] ERROR b.u.r.f.DynamicMultipleRecordsFunctionExecutor.execute(87) - Function 'http://users.ugent.be/~bjdmeest/function/grel.ttl#string_match' failed to execute with null
02:31:08.970 [main] ERROR b.u.r.f.DynamicMultipleRecordsFunctionExecutor.execute(87) - Function 'http://users.ugent.be/~bjdmeest/function/grel.ttl#string_match' failed to execute with null
02:31:08.971 [main] ERROR b.u.r.f.DynamicMultipleRecordsFunctionExecutor.execute(87) - Function 'http://users.ugent.be/~bjdmeest/function/grel.ttl#string_match' failed to execute with null
02:31:08.971 [main] ERROR b.u.r.f.DynamicMultipleRecordsFunctionExecutor.execute(87) - Function 'http://users.ugent.be/~bjdmeest/function/grel.ttl#string_match' failed to execute with null
02:31:08.973 [main] ERROR b.u.r.f.DynamicMultipleRecordsFunctionExecutor.execute(87) - Function 'http://users.ugent.be/~bjdmeest/function/grel.ttl#string_match' failed to execute with null
02:31:08.973 [main] ERROR b.u.r.f.DynamicMultipleRecordsFunctionExecutor.execute(87) - Function 'http://users.ugent.be/~bjdmeest/function/grel.ttl#string_match' failed to execute with null
02:31:08.974 [main] ERROR b.u.r.f.DynamicMultipleRecordsFunctionExecutor.execute(87) - Function 'http://users.ugent.be/~bjdmeest/function/grel.ttl#string_match' failed to execute with null
02:31:08.974 [main] ERROR b.u.r.f.DynamicMultipleRecordsFunctionExecutor.execute(87) - Function 'http://users.ugent.be/~bjdmeest/function/grel.ttl#string_match' failed to execute with null
02:31:08.975 [main] ERROR b.u.r.f.DynamicMultipleRecordsFunctionExecutor.execute(87) - Function 'http://users.ugent.be/~bjdmeest/function/grel.ttl#string_match' failed to execute with null
02:31:08.975 [main] ERROR b.u.r.f.DynamicMultipleRecordsFunctionExecutor.execute(87) - Function 'http://users.ugent.be/~bjdmeest/function/grel.ttl#string_match' failed to execute with null
02:31:08.976 [main] ERROR b.u.r.f.DynamicMultipleRecordsFunctionExecutor.execute(87) - Function 'http://users.ugent.be/~bjdmeest/function/grel.ttl#string_match' failed to execute with null
02:31:08.976 [main] ERROR b.u.r.f.DynamicMultipleRecordsFunctionExecutor.execute(87) - Function 'http://users.ugent.be/~bjdmeest/function/grel.ttl#string_match' failed to execute with null
02:31:08.976 [main] ERROR b.u.r.f.DynamicMultipleRecordsFunctionExecutor.execute(87) - Function 'http://users.ugent.be/~bjdmeest/function/grel.ttl#string_match' failed to execute with null
02:31:08.977 [main] ERROR b.u.r.f.DynamicMultipleRecordsFunctionExecutor.execute(87) - Function 'http://users.ugent.be/~bjdmeest/function/grel.ttl#string_match' failed to execute with null
02:31:08.977 [main] ERROR b.u.r.f.DynamicMultipleRecordsFunctionExecutor.execute(87) - Function 'http://users.ugent.be/~bjdmeest/function/grel.ttl#string_match' failed to execute with null
02:31:08.978 [main] ERROR b.u.r.f.DynamicMultipleRecordsFunctionExecutor.execute(87) - Function 'http://users.ugent.be/~bjdmeest/function/grel.ttl#string_match' failed to execute with null
02:31:08.978 [main] ERROR b.u.r.f.DynamicMultipleRecordsFunctionExecutor.execute(87) - Function 'http://users.ugent.be/~bjdmeest/function/grel.ttl#string_match' failed to execute with null
02:31:08.979 [main] ERROR b.u.r.f.DynamicMultipleRecordsFunctionExecutor.execute(87) - Function 'http://users.ugent.be/~bjdmeest/function/grel.ttl#string_match' failed to execute with null
02:31:08.979 [main] ERROR b.u.r.f.DynamicMultipleRecordsFunctionExecutor.execute(87) - Function 'http://users.ugent.be/~bjdmeest/function/grel.ttl#string_match' failed to execute with null
02:31:08.979 [main] ERROR b.u.r.f.DynamicMultipleRecordsFunctionExecutor.execute(87) - Function 'http://users.ugent.be/~bjdmeest/function/grel.ttl#string_match' failed to execute with null
02:31:08.980 [main] ERROR b.u.r.f.DynamicMultipleRecordsFunctionExecutor.execute(87) - Function 'http://users.ugent.be/~bjdmeest/function/grel.ttl#string_match' failed to execute with null
02:31:08.981 [main] ERROR b.u.r.f.DynamicMultipleRecordsFunctionExecutor.execute(87) - Function 'http://users.ugent.be/~bjdmeest/function/grel.ttl#string_match' failed to execute with null
02:31:08.982 [main] ERROR b.u.r.f.DynamicMultipleRecordsFunctionExecutor.execute(87) - Function 'http://users.ugent.be/~bjdmeest/function/grel.ttl#string_match' failed to execute with null
02:31:08.982 [main] ERROR b.u.r.f.DynamicMultipleRecordsFunctionExecutor.execute(87) - Function 'http://users.ugent.be/~bjdmeest/function/grel.ttl#string_match' failed to execute with null
02:31:08.983 [main] ERROR b.u.r.f.DynamicMultipleRecordsFunctionExecutor.execute(87) - Function 'http://users.ugent.be/~bjdmeest/function/grel.ttl#string_match' failed to execute with null
02:31:08.984 [main] ERROR b.u.r.f.DynamicMultipleRecordsFunctionExecutor.execute(87) - Function 'http://users.ugent.be/~bjdmeest/function/grel.ttl#string_match' failed to execute with null
02:31:08.984 [main] ERROR b.u.r.f.DynamicMultipleRecordsFunctionExecutor.execute(87) - Function 'http://users.ugent.be/~bjdmeest/function/grel.ttl#string_match' failed to execute with null
02:31:08.985 [main] ERROR b.u.r.f.DynamicMultipleRecordsFunctionExecutor.execute(87) - Function 'http://users.ugent.be/~bjdmeest/function/grel.ttl#string_match' failed to execute with null
02:31:08.986 [main] ERROR b.u.r.f.DynamicMultipleRecordsFunctionExecutor.execute(87) - Function 'http://users.ugent.be/~bjdmeest/function/grel.ttl#string_match' failed to execute with null
02:31:08.986 [main] ERROR b.u.r.f.DynamicMultipleRecordsFunctionExecutor.execute(87) - Function 'http://users.ugent.be/~bjdmeest/function/grel.ttl#string_match' failed to execute with null
02:31:08.989 [main] ERROR b.u.r.f.DynamicMultipleRecordsFunctionExecutor.execute(87) - Function 'http://users.ugent.be/~bjdmeest/function/grel.ttl#string_match' failed to execute with null
02:31:08.990 [main] ERROR b.u.r.f.DynamicMultipleRecordsFunctionExecutor.execute(87) - Function 'http://users.ugent.be/~bjdmeest/function/grel.ttl#string_match' failed to execute with null
02:31:08.991 [main] ERROR b.u.r.f.DynamicMultipleRecordsFunctionExecutor.execute(87) - Function 'http://users.ugent.be/~bjdmeest/function/grel.ttl#string_match' failed to execute with null
02:31:08.992 [main] ERROR b.u.r.f.DynamicMultipleRecordsFunctionExecutor.execute(87) - Function 'http://users.ugent.be/~bjdmeest/function/grel.ttl#string_match' failed to execute with null
02:31:08.993 [main] ERROR b.u.r.f.DynamicMultipleRecordsFunctionExecutor.execute(87) - Function 'http://users.ugent.be/~bjdmeest/function/grel.ttl#string_match' failed to execute with null
02:31:08.993 [main] ERROR b.u.r.f.DynamicMultipleRecordsFunctionExecutor.execute(87) - Function 'http://users.ugent.be/~bjdmeest/function/grel.ttl#string_match' failed to execute with null
02:31:08.994 [main] ERROR b.u.r.f.DynamicMultipleRecordsFunctionExecutor.execute(87) - Function 'http://users.ugent.be/~bjdmeest/function/grel.ttl#string_match' failed to execute with null
02:31:08.994 [main] ERROR b.u.r.f.DynamicMultipleRecordsFunctionExecutor.execute(87) - Function 'http://users.ugent.be/~bjdmeest/function/grel.ttl#string_match' failed to execute with null
02:31:08.995 [main] ERROR b.u.r.f.DynamicMultipleRecordsFunctionExecutor.execute(87) - Function 'http://users.ugent.be/~bjdmeest/function/grel.ttl#string_match' failed to execute with null
02:31:08.995 [main] ERROR b.u.r.f.DynamicMultipleRecordsFunctionExecutor.execute(87) - Function 'http://users.ugent.be/~bjdmeest/function/grel.ttl#string_match' failed to execute with null
02:31:08.996 [main] ERROR b.u.r.f.DynamicMultipleRecordsFunctionExecutor.execute(87) - Function 'http://users.ugent.be/~bjdmeest/function/grel.ttl#string_match' failed to execute with null
02:31:08.996 [main] ERROR b.u.r.f.DynamicMultipleRecordsFunctionExecutor.execute(87) - Function 'http://users.ugent.be/~bjdmeest/function/grel.ttl#string_match' failed to execute with null
02:31:08.997 [main] ERROR b.u.r.f.DynamicMultipleRecordsFunctionExecutor.execute(87) - Function 'http://users.ugent.be/~bjdmeest/function/grel.ttl#string_match' failed to execute with null
02:31:08.997 [main] ERROR b.u.r.f.DynamicMultipleRecordsFunctionExecutor.execute(87) - Function 'http://users.ugent.be/~bjdmeest/function/grel.ttl#string_match' failed to execute with null
02:31:08.998 [main] ERROR b.u.r.f.DynamicMultipleRecordsFunctionExecutor.execute(87) - Function 'http://users.ugent.be/~bjdmeest/function/grel.ttl#string_match' failed to execute with null
02:31:08.998 [main] ERROR b.u.r.f.DynamicMultipleRecordsFunctionExecutor.execute(87) - Function 'http://users.ugent.be/~bjdmeest/function/grel.ttl#string_match' failed to execute with null
02:31:08.998 [main] ERROR b.u.r.f.DynamicMultipleRecordsFunctionExecutor.execute(87) - Function 'http://users.ugent.be/~bjdmeest/function/grel.ttl#string_match' failed to execute with null
02:31:08.999 [main] ERROR b.u.r.f.DynamicMultipleRecordsFunctionExecutor.execute(87) - Function 'http://users.ugent.be/~bjdmeest/function/grel.ttl#string_match' failed to execute with null
02:31:08.999 [main] ERROR b.u.r.f.DynamicMultipleRecordsFunctionExecutor.execute(87) - Function 'http://users.ugent.be/~bjdmeest/function/grel.ttl#string_match' failed to execute with null
02:31:09.000 [main] ERROR b.u.r.f.DynamicMultipleRecordsFunctionExecutor.execute(87) - Function 'http://users.ugent.be/~bjdmeest/function/grel.ttl#string_match' failed to execute with null
02:31:09.000 [main] ERROR b.u.r.f.DynamicMultipleRecordsFunctionExecutor.execute(87) - Function 'http://users.ugent.be/~bjdmeest/function/grel.ttl#string_match' failed to execute with null
02:31:09.001 [main] ERROR b.u.r.f.DynamicMultipleRecordsFunctionExecutor.execute(87) - Function 'http://users.ugent.be/~bjdmeest/function/grel.ttl#string_match' failed to execute with null
02:31:09.002 [main] ERROR b.u.r.f.DynamicMultipleRecordsFunctionExecutor.execute(87) - Function 'http://users.ugent.be/~bjdmeest/function/grel.ttl#string_match' failed to execute with null
02:31:09.002 [main] ERROR b.u.r.f.DynamicMultipleRecordsFunctionExecutor.execute(87) - Function 'http://users.ugent.be/~bjdmeest/function/grel.ttl#string_match' failed to execute with null
02:31:09.003 [main] ERROR b.u.r.f.DynamicMultipleRecordsFunctionExecutor.execute(87) - Function 'http://users.ugent.be/~bjdmeest/function/grel.ttl#string_match' failed to execute with null
02:31:09.005 [main] ERROR b.u.r.f.DynamicMultipleRecordsFunctionExecutor.execute(87) - Function 'http://users.ugent.be/~bjdmeest/function/grel.ttl#string_match' failed to execute with null
02:31:09.005 [main] ERROR b.u.r.f.DynamicMultipleRecordsFunctionExecutor.execute(87) - Function 'http://users.ugent.be/~bjdmeest/function/grel.ttl#string_match' failed to execute with null
02:31:09.006 [main] ERROR b.u.r.f.DynamicMultipleRecordsFunctionExecutor.execute(87) - Function 'http://users.ugent.be/~bjdmeest/function/grel.ttl#string_match' failed to execute with null
02:31:09.007 [main] ERROR b.u.r.f.DynamicMultipleRecordsFunctionExecutor.execute(87) - Function 'http://users.ugent.be/~bjdmeest/function/grel.ttl#string_match' failed to execute with null
02:31:09.008 [main] ERROR b.u.r.f.DynamicMultipleRecordsFunctionExecutor.execute(87) - Function 'http://users.ugent.be/~bjdmeest/function/grel.ttl#string_match' failed to execute with null
02:31:09.009 [main] ERROR b.u.r.f.DynamicMultipleRecordsFunctionExecutor.execute(87) - Function 'http://users.ugent.be/~bjdmeest/function/grel.ttl#string_match' failed to execute with null
02:31:09.010 [main] ERROR b.u.r.f.DynamicMultipleRecordsFunctionExecutor.execute(87) - Function 'http://users.ugent.be/~bjdmeest/function/grel.ttl#string_match' failed to execute with null
02:31:09.010 [main] ERROR b.u.r.f.DynamicMultipleRecordsFunctionExecutor.execute(87) - Function 'http://users.ugent.be/~bjdmeest/function/grel.ttl#string_match' failed to execute with null
02:31:09.011 [main] ERROR b.u.r.f.DynamicMultipleRecordsFunctionExecutor.execute(87) - Function 'http://users.ugent.be/~bjdmeest/function/grel.ttl#string_match' failed to execute with null
02:31:09.012 [main] ERROR b.u.r.f.DynamicMultipleRecordsFunctionExecutor.execute(87) - Function 'http://users.ugent.be/~bjdmeest/function/grel.ttl#string_match' failed to execute with null
02:31:09.012 [main] ERROR b.u.r.f.DynamicMultipleRecordsFunctionExecutor.execute(87) - Function 'http://users.ugent.be/~bjdmeest/function/grel.ttl#string_match' failed to execute with null
02:31:09.012 [main] ERROR b.u.r.f.DynamicMultipleRecordsFunctionExecutor.execute(87) - Function 'http://users.ugent.be/~bjdmeest/function/grel.ttl#string_match' failed to execute with null
02:31:09.013 [main] ERROR b.u.r.f.DynamicMultipleRecordsFunctionExecutor.execute(87) - Function 'http://users.ugent.be/~bjdmeest/function/grel.ttl#string_match' failed to execute with null
02:31:09.013 [main] ERROR b.u.r.f.DynamicMultipleRecordsFunctionExecutor.execute(87) - Function 'http://users.ugent.be/~bjdmeest/function/grel.ttl#string_match' failed to execute with null
02:31:09.014 [main] ERROR b.u.r.f.DynamicMultipleRecordsFunctionExecutor.execute(87) - Function 'http://users.ugent.be/~bjdmeest/function/grel.ttl#string_match' failed to execute with null
02:31:09.014 [main] ERROR b.u.r.f.DynamicMultipleRecordsFunctionExecutor.execute(87) - Function 'http://users.ugent.be/~bjdmeest/function/grel.ttl#string_match' failed to execute with null
02:31:09.015 [main] ERROR b.u.r.f.DynamicMultipleRecordsFunctionExecutor.execute(87) - Function 'http://users.ugent.be/~bjdmeest/function/grel.ttl#string_match' failed to execute with null
02:31:09.032 [main] ERROR b.u.r.f.DynamicMultipleRecordsFunctionExecutor.execute(87) - Function 'http://users.ugent.be/~bjdmeest/function/grel.ttl#string_match' failed to execute with null
02:31:09.032 [main] ERROR b.u.r.f.DynamicMultipleRecordsFunctionExecutor.execute(87) - Function 'http://users.ugent.be/~bjdmeest/function/grel.ttl#string_match' failed to execute with null
02:31:09.033 [main] ERROR b.u.r.f.DynamicMultipleRecordsFunctionExecutor.execute(87) - Function 'http://users.ugent.be/~bjdmeest/function/grel.ttl#string_match' failed to execute with null
02:31:09.033 [main] ERROR b.u.r.f.DynamicMultipleRecordsFunctionExecutor.execute(87) - Function 'http://users.ugent.be/~bjdmeest/function/grel.ttl#string_match' failed to execute with null
02:31:09.034 [main] ERROR b.u.r.f.DynamicMultipleRecordsFunctionExecutor.execute(87) - Function 'http://users.ugent.be/~bjdmeest/function/grel.ttl#string_match' failed to execute with null
02:31:09.034 [main] ERROR b.u.r.f.DynamicMultipleRecordsFunctionExecutor.execute(87) - Function 'http://users.ugent.be/~bjdmeest/function/grel.ttl#string_match' failed to execute with null
02:31:09.034 [main] ERROR b.u.r.f.DynamicMultipleRecordsFunctionExecutor.execute(87) - Function 'http://users.ugent.be/~bjdmeest/function/grel.ttl#string_match' failed to execute with null
02:31:09.035 [main] ERROR b.u.r.f.DynamicMultipleRecordsFunctionExecutor.execute(87) - Function 'http://users.ugent.be/~bjdmeest/function/grel.ttl#string_match' failed to execute with null
02:31:09.035 [main] ERROR b.u.r.f.DynamicMultipleRecordsFunctionExecutor.execute(87) - Function 'http://users.ugent.be/~bjdmeest/function/grel.ttl#string_match' failed to execute with null
02:31:09.035 [main] ERROR b.u.r.f.DynamicMultipleRecordsFunctionExecutor.execute(87) - Function 'http://users.ugent.be/~bjdmeest/function/grel.ttl#string_match' failed to execute with null
02:31:09.035 [main] ERROR b.u.r.f.DynamicMultipleRecordsFunctionExecutor.execute(87) - Function 'http://users.ugent.be/~bjdmeest/function/grel.ttl#string_match' failed to execute with null
02:31:09.036 [main] ERROR b.u.r.f.DynamicMultipleRecordsFunctionExecutor.execute(87) - Function 'http://users.ugent.be/~bjdmeest/function/grel.ttl#string_match' failed to execute with null
02:31:09.037 [main] ERROR b.u.r.f.DynamicMultipleRecordsFunctionExecutor.execute(87) - Function 'http://users.ugent.be/~bjdmeest/function/grel.ttl#string_match' failed to execute with null
02:31:09.038 [main] ERROR b.u.r.f.DynamicMultipleRecordsFunctionExecutor.execute(87) - Function 'http://users.ugent.be/~bjdmeest/function/grel.ttl#string_match' failed to execute with null
02:31:09.039 [main] ERROR b.u.r.f.DynamicMultipleRecordsFunctionExecutor.execute(87) - Function 'http://users.ugent.be/~bjdmeest/function/grel.ttl#string_match' failed to execute with null
02:31:09.039 [main] ERROR b.u.r.f.DynamicMultipleRecordsFunctionExecutor.execute(87) - Function 'http://users.ugent.be/~bjdmeest/function/grel.ttl#string_match' failed to execute with null
02:31:09.040 [main] ERROR b.u.r.f.DynamicMultipleRecordsFunctionExecutor.execute(87) - Function 'http://users.ugent.be/~bjdmeest/function/grel.ttl#string_match' failed to execute with null
02:31:09.041 [main] ERROR b.u.r.f.DynamicMultipleRecordsFunctionExecutor.execute(87) - Function 'http://users.ugent.be/~bjdmeest/function/grel.ttl#string_match' failed to execute with null
02:31:09.042 [main] ERROR b.u.r.f.DynamicMultipleRecordsFunctionExecutor.execute(87) - Function 'http://users.ugent.be/~bjdmeest/function/grel.ttl#string_match' failed to execute with null
02:31:09.044 [main] ERROR b.u.r.f.DynamicMultipleRecordsFunctionExecutor.execute(87) - Function 'http://users.ugent.be/~bjdmeest/function/grel.ttl#string_match' failed to execute with null
02:31:09.045 [main] ERROR b.u.r.f.DynamicMultipleRecordsFunctionExecutor.execute(87) - Function 'http://users.ugent.be/~bjdmeest/function/grel.ttl#string_match' failed to execute with null
02:31:09.046 [main] ERROR b.u.r.f.DynamicMultipleRecordsFunctionExecutor.execute(87) - Function 'http://users.ugent.be/~bjdmeest/function/grel.ttl#string_match' failed to execute with null
02:31:09.046 [main] ERROR b.u.r.f.DynamicMultipleRecordsFunctionExecutor.execute(87) - Function 'http://users.ugent.be/~bjdmeest/function/grel.ttl#string_match' failed to execute with null
02:31:09.047 [main] ERROR b.u.r.f.DynamicMultipleRecordsFunctionExecutor.execute(87) - Function 'http://users.ugent.be/~bjdmeest/function/grel.ttl#string_match' failed to execute with null
02:31:09.047 [main] ERROR b.u.r.f.DynamicMultipleRecordsFunctionExecutor.execute(87) - Function 'http://users.ugent.be/~bjdmeest/function/grel.ttl#string_match' failed to execute with null
02:31:09.048 [main] ERROR b.u.r.f.DynamicMultipleRecordsFunctionExecutor.execute(87) - Function 'http://users.ugent.be/~bjdmeest/function/grel.ttl#string_match' failed to execute with null
02:31:09.049 [main] ERROR b.u.r.f.DynamicMultipleRecordsFunctionExecutor.execute(87) - Function 'http://users.ugent.be/~bjdmeest/function/grel.ttl#string_match' failed to execute with null
02:31:09.049 [main] ERROR b.u.r.f.DynamicMultipleRecordsFunctionExecutor.execute(87) - Function 'http://users.ugent.be/~bjdmeest/function/grel.ttl#string_match' failed to execute with null
02:31:09.049 [main] ERROR b.u.r.f.DynamicMultipleRecordsFunctionExecutor.execute(87) - Function 'http://users.ugent.be/~bjdmeest/function/grel.ttl#string_match' failed to execute with null
02:31:09.050 [main] ERROR b.u.r.f.DynamicMultipleRecordsFunctionExecutor.execute(87) - Function 'http://users.ugent.be/~bjdmeest/function/grel.ttl#string_match' failed to execute with null
02:31:09.050 [main] ERROR b.u.r.f.DynamicMultipleRecordsFunctionExecutor.execute(87) - Function 'http://users.ugent.be/~bjdmeest/function/grel.ttl#string_match' failed to execute with null
02:31:09.051 [main] ERROR b.u.r.f.DynamicMultipleRecordsFunctionExecutor.execute(87) - Function 'http://users.ugent.be/~bjdmeest/function/grel.ttl#string_match' failed to execute with null
02:31:09.051 [main] ERROR b.u.r.f.DynamicMultipleRecordsFunctionExecutor.execute(87) - Function 'http://users.ugent.be/~bjdmeest/function/grel.ttl#string_match' failed to execute with null
02:31:09.052 [main] ERROR b.u.r.f.DynamicMultipleRecordsFunctionExecutor.execute(87) - Function 'http://users.ugent.be/~bjdmeest/function/grel.ttl#string_match' failed to execute with null
02:31:09.052 [main] ERROR b.u.r.f.DynamicMultipleRecordsFunctionExecutor.execute(87) - Function 'http://users.ugent.be/~bjdmeest/function/grel.ttl#string_match' failed to execute with null
02:31:09.053 [main] ERROR b.u.r.f.DynamicMultipleRecordsFunctionExecutor.execute(87) - Function 'http://users.ugent.be/~bjdmeest/function/grel.ttl#string_match' failed to execute with null
02:31:09.053 [main] ERROR b.u.r.f.DynamicMultipleRecordsFunctionExecutor.execute(87) - Function 'http://users.ugent.be/~bjdmeest/function/grel.ttl#string_match' failed to execute with null
02:31:09.054 [main] ERROR b.u.r.f.DynamicMultipleRecordsFunctionExecutor.execute(87) - Function 'http://users.ugent.be/~bjdmeest/function/grel.ttl#string_match' failed to execute with null
02:31:09.054 [main] ERROR b.u.r.f.DynamicMultipleRecordsFunctionExecutor.execute(87) - Function 'http://users.ugent.be/~bjdmeest/function/grel.ttl#string_match' failed to execute with null
02:31:09.056 [main] ERROR b.u.r.f.DynamicMultipleRecordsFunctionExecutor.execute(87) - Function 'http://users.ugent.be/~bjdmeest/function/grel.ttl#string_match' failed to execute with null
02:31:09.057 [main] ERROR b.u.r.f.DynamicMultipleRecordsFunctionExecutor.execute(87) - Function 'http://users.ugent.be/~bjdmeest/function/grel.ttl#string_match' failed to execute with null
02:31:09.058 [main] ERROR b.u.r.f.DynamicMultipleRecordsFunctionExecutor.execute(87) - Function 'http://users.ugent.be/~bjdmeest/function/grel.ttl#string_match' failed to execute with null
02:31:09.058 [main] ERROR b.u.r.f.DynamicMultipleRecordsFunctionExecutor.execute(87) - Function 'http://users.ugent.be/~bjdmeest/function/grel.ttl#string_match' failed to execute with null
02:31:09.059 [main] ERROR b.u.r.f.DynamicMultipleRecordsFunctionExecutor.execute(87) - Function 'http://users.ugent.be/~bjdmeest/function/grel.ttl#string_match' failed to execute with null
02:31:09.060 [main] ERROR b.u.r.f.DynamicMultipleRecordsFunctionExecutor.execute(87) - Function 'http://users.ugent.be/~bjdmeest/function/grel.ttl#string_match' failed to execute with null
02:31:09.060 [main] ERROR b.u.r.f.DynamicMultipleRecordsFunctionExecutor.execute(87) - Function 'http://users.ugent.be/~bjdmeest/function/grel.ttl#string_match' failed to execute with null
02:31:09.060 [main] ERROR b.u.r.f.DynamicMultipleRecordsFunctionExecutor.execute(87) - Function 'http://users.ugent.be/~bjdmeest/function/grel.ttl#string_match' failed to execute with null
02:31:09.062 [main] ERROR b.u.r.f.DynamicMultipleRecordsFunctionExecutor.execute(87) - Function 'http://users.ugent.be/~bjdmeest/function/grel.ttl#string_match' failed to execute with null
02:31:09.062 [main] ERROR b.u.r.f.DynamicMultipleRecordsFunctionExecutor.execute(87) - Function 'http://users.ugent.be/~bjdmeest/function/grel.ttl#string_match' failed to execute with null
02:31:09.062 [main] ERROR b.u.r.f.DynamicMultipleRecordsFunctionExecutor.execute(87) - Function 'http://users.ugent.be/~bjdmeest/function/grel.ttl#string_match' failed to execute with null
02:31:09.063 [main] ERROR b.u.r.f.DynamicMultipleRecordsFunctionExecutor.execute(87) - Function 'http://users.ugent.be/~bjdmeest/function/grel.ttl#string_match' failed to execute with null
02:31:09.064 [main] ERROR b.u.r.f.DynamicMultipleRecordsFunctionExecutor.execute(87) - Function 'http://users.ugent.be/~bjdmeest/function/grel.ttl#string_match' failed to execute with null
02:31:09.064 [main] ERROR b.u.r.f.DynamicMultipleRecordsFunctionExecutor.execute(87) - Function 'http://users.ugent.be/~bjdmeest/function/grel.ttl#string_match' failed to execute with null
02:31:09.065 [main] ERROR b.u.r.f.DynamicMultipleRecordsFunctionExecutor.execute(87) - Function 'http://users.ugent.be/~bjdmeest/function/grel.ttl#string_match' failed to execute with null
02:31:09.065 [main] ERROR b.u.r.f.DynamicMultipleRecordsFunctionExecutor.execute(87) - Function 'http://users.ugent.be/~bjdmeest/function/grel.ttl#string_match' failed to execute with null
02:31:09.065 [main] ERROR b.u.r.f.DynamicMultipleRecordsFunctionExecutor.execute(87) - Function 'http://users.ugent.be/~bjdmeest/function/grel.ttl#string_match' failed to execute with null
02:31:09.066 [main] ERROR b.u.r.f.DynamicMultipleRecordsFunctionExecutor.execute(87) - Function 'http://users.ugent.be/~bjdmeest/function/grel.ttl#string_match' failed to execute with null
02:31:09.066 [main] ERROR b.u.r.f.DynamicMultipleRecordsFunctionExecutor.execute(87) - Function 'http://users.ugent.be/~bjdmeest/function/grel.ttl#string_match' failed to execute with null
02:31:09.067 [main] ERROR b.u.r.f.DynamicMultipleRecordsFunctionExecutor.execute(87) - Function 'http://users.ugent.be/~bjdmeest/function/grel.ttl#string_match' failed to execute with null
02:31:09.067 [main] ERROR b.u.r.f.DynamicMultipleRecordsFunctionExecutor.execute(87) - Function 'http://users.ugent.be/~bjdmeest/function/grel.ttl#string_match' failed to execute with null
02:31:09.067 [main] ERROR b.u.r.f.DynamicMultipleRecordsFunctionExecutor.execute(87) - Function 'http://users.ugent.be/~bjdmeest/function/grel.ttl#string_match' failed to execute with null
02:31:09.068 [main] ERROR b.u.r.f.DynamicMultipleRecordsFunctionExecutor.execute(87) - Function 'http://users.ugent.be/~bjdmeest/function/grel.ttl#string_match' failed to execute with null
02:31:09.068 [main] ERROR b.u.r.f.DynamicMultipleRecordsFunctionExecutor.execute(87) - Function 'http://users.ugent.be/~bjdmeest/function/grel.ttl#string_match' failed to execute with null
02:31:09.068 [main] ERROR b.u.r.f.DynamicMultipleRecordsFunctionExecutor.execute(87) - Function 'http://users.ugent.be/~bjdmeest/function/grel.ttl#string_match' failed to execute with null
02:31:09.069 [main] ERROR b.u.r.f.DynamicMultipleRecordsFunctionExecutor.execute(87) - Function 'http://users.ugent.be/~bjdmeest/function/grel.ttl#string_match' failed to execute with null
02:31:09.069 [main] ERROR b.u.r.f.DynamicMultipleRecordsFunctionExecutor.execute(87) - Function 'http://users.ugent.be/~bjdmeest/function/grel.ttl#string_match' failed to execute with null
02:31:09.069 [main] ERROR b.u.r.f.DynamicMultipleRecordsFunctionExecutor.execute(87) - Function 'http://users.ugent.be/~bjdmeest/function/grel.ttl#string_match' failed to execute with null
02:31:09.070 [main] ERROR b.u.r.f.DynamicMultipleRecordsFunctionExecutor.execute(87) - Function 'http://users.ugent.be/~bjdmeest/function/grel.ttl#string_match' failed to execute with null
02:31:09.070 [main] ERROR b.u.r.f.DynamicMultipleRecordsFunctionExecutor.execute(87) - Function 'http://users.ugent.be/~bjdmeest/function/grel.ttl#string_match' failed to execute with null
02:31:09.071 [main] ERROR b.u.r.f.DynamicMultipleRecordsFunctionExecutor.execute(87) - Function 'http://users.ugent.be/~bjdmeest/function/grel.ttl#string_match' failed to execute with null
02:31:09.071 [main] ERROR b.u.r.f.DynamicMultipleRecordsFunctionExecutor.execute(87) - Function 'http://users.ugent.be/~bjdmeest/function/grel.ttl#string_match' failed to execute with null
02:31:09.072 [main] ERROR b.u.r.f.DynamicMultipleRecordsFunctionExecutor.execute(87) - Function 'http://users.ugent.be/~bjdmeest/function/grel.ttl#string_match' failed to execute with null
02:31:09.072 [main] ERROR b.u.r.f.DynamicMultipleRecordsFunctionExecutor.execute(87) - Function 'http://users.ugent.be/~bjdmeest/function/grel.ttl#string_match' failed to execute with null
02:31:09.073 [main] ERROR b.u.r.f.DynamicMultipleRecordsFunctionExecutor.execute(87) - Function 'http://users.ugent.be/~bjdmeest/function/grel.ttl#string_match' failed to execute with null
02:31:09.073 [main] ERROR b.u.r.f.DynamicMultipleRecordsFunctionExecutor.execute(87) - Function 'http://users.ugent.be/~bjdmeest/function/grel.ttl#string_match' failed to execute with null
02:31:09.073 [main] ERROR b.u.r.f.DynamicMultipleRecordsFunctionExecutor.execute(87) - Function 'http://users.ugent.be/~bjdmeest/function/grel.ttl#string_match' failed to execute with null
02:31:09.073 [main] ERROR b.u.r.f.DynamicMultipleRecordsFunctionExecutor.execute(87) - Function 'http://users.ugent.be/~bjdmeest/function/grel.ttl#string_match' failed to execute with null
02:31:09.074 [main] ERROR b.u.r.f.DynamicMultipleRecordsFunctionExecutor.execute(87) - Function 'http://users.ugent.be/~bjdmeest/function/grel.ttl#string_match' failed to execute with null
02:31:09.076 [main] ERROR b.u.r.f.DynamicMultipleRecordsFunctionExecutor.execute(87) - Function 'http://users.ugent.be/~bjdmeest/function/grel.ttl#string_match' failed to execute with null
02:31:09.076 [main] ERROR b.u.r.f.DynamicMultipleRecordsFunctionExecutor.execute(87) - Function 'http://users.ugent.be/~bjdmeest/function/grel.ttl#string_match' failed to execute with null
02:31:09.077 [main] ERROR b.u.r.f.DynamicMultipleRecordsFunctionExecutor.execute(87) - Function 'http://users.ugent.be/~bjdmeest/function/grel.ttl#string_match' failed to execute with null
02:31:09.078 [main] ERROR b.u.r.f.DynamicMultipleRecordsFunctionExecutor.execute(87) - Function 'http://users.ugent.be/~bjdmeest/function/grel.ttl#string_match' failed to execute with null
02:31:09.079 [main] ERROR b.u.r.f.DynamicMultipleRecordsFunctionExecutor.execute(87) - Function 'http://users.ugent.be/~bjdmeest/function/grel.ttl#string_match' failed to execute with null
02:31:09.080 [main] ERROR b.u.r.f.DynamicMultipleRecordsFunctionExecutor.execute(87) - Function 'http://users.ugent.be/~bjdmeest/function/grel.ttl#string_match' failed to execute with null
02:31:09.081 [main] ERROR b.u.r.f.DynamicMultipleRecordsFunctionExecutor.execute(87) - Function 'http://users.ugent.be/~bjdmeest/function/grel.ttl#string_match' failed to execute with null
02:31:09.081 [main] ERROR b.u.r.f.DynamicMultipleRecordsFunctionExecutor.execute(87) - Function 'http://users.ugent.be/~bjdmeest/function/grel.ttl#string_match' failed to execute with null
02:31:09.082 [main] ERROR b.u.r.f.DynamicMultipleRecordsFunctionExecutor.execute(87) - Function 'http://users.ugent.be/~bjdmeest/function/grel.ttl#string_match' failed to execute with null
02:31:09.083 [main] ERROR b.u.r.f.DynamicMultipleRecordsFunctionExecutor.execute(87) - Function 'http://users.ugent.be/~bjdmeest/function/grel.ttl#string_match' failed to execute with null
02:31:09.083 [main] ERROR b.u.r.f.DynamicMultipleRecordsFunctionExecutor.execute(87) - Function 'http://users.ugent.be/~bjdmeest/function/grel.ttl#string_match' failed to execute with null
02:31:09.084 [main] ERROR b.u.r.f.DynamicMultipleRecordsFunctionExecutor.execute(87) - Function 'http://users.ugent.be/~bjdmeest/function/grel.ttl#string_match' failed to execute with null
02:31:09.084 [main] ERROR b.u.r.f.DynamicMultipleRecordsFunctionExecutor.execute(87) - Function 'http://users.ugent.be/~bjdmeest/function/grel.ttl#string_match' failed to execute with null
02:31:09.084 [main] ERROR b.u.r.f.DynamicMultipleRecordsFunctionExecutor.execute(87) - Function 'http://users.ugent.be/~bjdmeest/function/grel.ttl#string_match' failed to execute with null
02:31:09.085 [main] ERROR b.u.r.f.DynamicMultipleRecordsFunctionExecutor.execute(87) - Function 'http://users.ugent.be/~bjdmeest/function/grel.ttl#string_match' failed to execute with null
02:31:09.085 [main] ERROR b.u.r.f.DynamicMultipleRecordsFunctionExecutor.execute(87) - Function 'http://users.ugent.be/~bjdmeest/function/grel.ttl#string_match' failed to execute with null
02:31:09.085 [main] ERROR b.u.r.f.DynamicMultipleRecordsFunctionExecutor.execute(87) - Function 'http://users.ugent.be/~bjdmeest/function/grel.ttl#string_match' failed to execute with null
02:31:09.086 [main] ERROR b.u.r.f.DynamicMultipleRecordsFunctionExecutor.execute(87) - Function 'http://users.ugent.be/~bjdmeest/function/grel.ttl#string_match' failed to execute with null
02:31:09.086 [main] ERROR b.u.r.f.DynamicMultipleRecordsFunctionExecutor.execute(87) - Function 'http://users.ugent.be/~bjdmeest/function/grel.ttl#string_match' failed to execute with null
02:31:09.087 [main] ERROR b.u.r.f.DynamicMultipleRecordsFunctionExecutor.execute(87) - Function 'http://users.ugent.be/~bjdmeest/function/grel.ttl#string_match' failed to execute with null
02:31:09.087 [main] ERROR b.u.r.f.DynamicMultipleRecordsFunctionExecutor.execute(87) - Function 'http://users.ugent.be/~bjdmeest/function/grel.ttl#string_match' failed to execute with null
02:31:09.088 [main] ERROR b.u.r.f.DynamicMultipleRecordsFunctionExecutor.execute(87) - Function 'http://users.ugent.be/~bjdmeest/function/grel.ttl#string_match' failed to execute with null
Successfully mapped 'gbad/schema/authority/general_authority_to_ric-o_model_2024-11-13_pz.rml' to 'gbad/mapping/target/general_authority_to_ric-o_model_2024-11-13_pz/mapped.ttl'

Successfully read a graph from 'gbad/mapping/target/general_authority_to_ric-o_model_2024-11-13_pz/mapped.ttl'

Number of triples in the graph: 3974

Script done on 2024-11-14 02:31:10-05:00 [COMMAND_EXIT_CODE="0"]
