Execution started at: 2024-12-13 17:28:13 UTC

Welcome to riconvert, a Records in Contexts Ontology (RiC-O) conversion utility.
It detects a *.drawio and *.csv file in the same folder (only one of each must exist).
It uses the DrawIO file to create a Manchester OWL, Turtle, and RML (RDF Mapping language) file.
It uses the RML file to map the CSV file into triples (Turtle or N3).
Input drawio file:
C:\Users\Anonymous\records_in_contexts_draw_io_parser\General Authority to RiC-O Model_2024-11-25_PZ.drawio
Output directory:
C:\Users\Anonymous\records_in_contexts_draw_io_parser\riconverted_general_authority_to_ric-o_model_2024-11-25_pz
OWL Output saved to: C:\Users\Anonymous\records_in_contexts_draw_io_parser\riconverted_general_authority_to_ric-o_model_2024-11-25_pz\owl_from_drawio_general_authority_to_ric-o_model_2024-11-25_pz.owl
TTL Output saved to: C:\Users\Anonymous\records_in_contexts_draw_io_parser\riconverted_general_authority_to_ric-o_model_2024-11-25_pz\turtle_from_drawio_owl_general_authority_to_ric-o_model_2024-11-25_pz.ttl
Namespace UUID v5 for <https://data.archives.gov.on.ca/Schema/Mapping#>: bc7e68a3-3e02-5a2a-836b-589f9993b2bb

UUID v5 generated from namespace and 'rr_template__KB_AgentControlRelation__CONTAG_1___HEADING___UUID__': 7719c708-66ca-52cf-a9df-1b81cbbd659f
At most one rr:template is allowed per subject map  whereas multiple are given in: 'KB/AgentControlRelation/{CONTAG_1}/{HEADING}/7719c708-66ca-52cf-a9df-1b81cbbd659f'.  By default logic, the leftmost mnemonic is deliberately chosen as the main one. Thus, {CONTAG_1} will be processed as the main mnemonic, and all the others will be passed to RML as is: {HEADING} 

UUID v5 generated from namespace and 'rr_template__KB_AgentControlRelation__CONTAG_2___HEADING___UUID__': 19df1c2a-a5f7-5f7e-9f11-aebb1b4a371a
At most one rr:template is allowed per subject map  whereas multiple are given in: 'KB/AgentControlRelation/{CONTAG_2}/{HEADING}/19df1c2a-a5f7-5f7e-9f11-aebb1b4a371a'.  By default logic, the leftmost mnemonic is deliberately chosen as the main one. Thus, {CONTAG_2} will be processed as the main mnemonic, and all the others will be passed to RML as is: {HEADING} 

UUID v5 generated from namespace and 'rr_template__KB_AgentControlRelation__CONTAG_3___HEADING___UUID__': b5b54225-937e-58e4-9180-920ea9215141
At most one rr:template is allowed per subject map  whereas multiple are given in: 'KB/AgentControlRelation/{CONTAG_3}/{HEADING}/b5b54225-937e-58e4-9180-920ea9215141'.  By default logic, the leftmost mnemonic is deliberately chosen as the main one. Thus, {CONTAG_3} will be processed as the main mnemonic, and all the others will be passed to RML as is: {HEADING} 

UUID v5 generated from namespace and 'rr_template__KB_AgentControlRelation__CONTAG_4___HEADING___UUID__': b2acbdb3-0cee-548b-90cb-054e3a7b0355
At most one rr:template is allowed per subject map  whereas multiple are given in: 'KB/AgentControlRelation/{CONTAG_4}/{HEADING}/b2acbdb3-0cee-548b-90cb-054e3a7b0355'.  By default logic, the leftmost mnemonic is deliberately chosen as the main one. Thus, {CONTAG_4} will be processed as the main mnemonic, and all the others will be passed to RML as is: {HEADING} 

UUID v5 generated from namespace and 'rr_template__KB_AgentControlRelation__CONTAG_5___HEADING___UUID__': 0b2e16f1-287f-5092-9ac7-2fd9f102f5c0
At most one rr:template is allowed per subject map  whereas multiple are given in: 'KB/AgentControlRelation/{CONTAG_5}/{HEADING}/0b2e16f1-287f-5092-9ac7-2fd9f102f5c0'.  By default logic, the leftmost mnemonic is deliberately chosen as the main one. Thus, {CONTAG_5} will be processed as the main mnemonic, and all the others will be passed to RML as is: {HEADING} 

UUID v5 generated from namespace and 'rr_template__KB_AgentControlRelation__CONTAG_6___HEADING___UUID__': bc7c7ad4-462f-507d-9059-c2d26044790c
At most one rr:template is allowed per subject map  whereas multiple are given in: 'KB/AgentControlRelation/{CONTAG_6}/{HEADING}/bc7c7ad4-462f-507d-9059-c2d26044790c'.  By default logic, the leftmost mnemonic is deliberately chosen as the main one. Thus, {CONTAG_6} will be processed as the main mnemonic, and all the others will be passed to RML as is: {HEADING} 

UUID v5 generated from namespace and 'rr_template__KB_AgentControlRelation__CONTAG_7___HEADING___UUID__': 6d63d5ef-6053-5395-b209-45246ee3b7e0
At most one rr:template is allowed per subject map  whereas multiple are given in: 'KB/AgentControlRelation/{CONTAG_7}/{HEADING}/6d63d5ef-6053-5395-b209-45246ee3b7e0'.  By default logic, the leftmost mnemonic is deliberately chosen as the main one. Thus, {CONTAG_7} will be processed as the main mnemonic, and all the others will be passed to RML as is: {HEADING} 

UUID v5 generated from namespace and 'rr_template__KB_AgentControlRelation__CONTAG_8___HEADING___UUID__': 1bcb2e70-81e2-58f8-9e55-f4407af9f0d1
At most one rr:template is allowed per subject map  whereas multiple are given in: 'KB/AgentControlRelation/{CONTAG_8}/{HEADING}/1bcb2e70-81e2-58f8-9e55-f4407af9f0d1'.  By default logic, the leftmost mnemonic is deliberately chosen as the main one. Thus, {CONTAG_8} will be processed as the main mnemonic, and all the others will be passed to RML as is: {HEADING} 

UUID v5 generated from namespace and 'rr_template__KB_AgentControlRelation__CONTAG_9___HEADING___UUID__': b42cb4d3-124b-5fd1-bae5-2b7bc5435002
At most one rr:template is allowed per subject map  whereas multiple are given in: 'KB/AgentControlRelation/{CONTAG_9}/{HEADING}/b42cb4d3-124b-5fd1-bae5-2b7bc5435002'.  By default logic, the leftmost mnemonic is deliberately chosen as the main one. Thus, {CONTAG_9} will be processed as the main mnemonic, and all the others will be passed to RML as is: {HEADING} 

UUID v5 generated from namespace and 'rr_template__KB_AgentControlRelation__CONTAG_10___HEADING___UUID__': 07489d75-af7e-5f28-ab77-f95137ffe1e9
At most one rr:template is allowed per subject map  whereas multiple are given in: 'KB/AgentControlRelation/{CONTAG_10}/{HEADING}/07489d75-af7e-5f28-ab77-f95137ffe1e9'.  By default logic, the leftmost mnemonic is deliberately chosen as the main one. Thus, {CONTAG_10} will be processed as the main mnemonic, and all the others will be passed to RML as is: {HEADING} 

UUID v5 generated from namespace and 'rr_template__KB_AgentControlRelation__CONTAG_11___HEADING___UUID__': edc96652-3723-5d7e-8ee4-4ee622699e2a
At most one rr:template is allowed per subject map  whereas multiple are given in: 'KB/AgentControlRelation/{CONTAG_11}/{HEADING}/edc96652-3723-5d7e-8ee4-4ee622699e2a'.  By default logic, the leftmost mnemonic is deliberately chosen as the main one. Thus, {CONTAG_11} will be processed as the main mnemonic, and all the others will be passed to RML as is: {HEADING} 

UUID v5 generated from namespace and 'rr_template__KB_AgentControlRelation__CONTAG_12___HEADING___UUID__': be5729a3-0e84-504c-b054-da098898e1ef
At most one rr:template is allowed per subject map  whereas multiple are given in: 'KB/AgentControlRelation/{CONTAG_12}/{HEADING}/be5729a3-0e84-504c-b054-da098898e1ef'.  By default logic, the leftmost mnemonic is deliberately chosen as the main one. Thus, {CONTAG_12} will be processed as the main mnemonic, and all the others will be passed to RML as is: {HEADING} 

UUID v5 generated from namespace and 'rr_template__KB_AgentControlRelation__CONTAG_13___HEADING___UUID__': bccd23ce-5331-5915-a132-764d95003254
At most one rr:template is allowed per subject map  whereas multiple are given in: 'KB/AgentControlRelation/{CONTAG_13}/{HEADING}/bccd23ce-5331-5915-a132-764d95003254'.  By default logic, the leftmost mnemonic is deliberately chosen as the main one. Thus, {CONTAG_13} will be processed as the main mnemonic, and all the others will be passed to RML as is: {HEADING} 

UUID v5 generated from namespace and 'rr_template__KB_AgentControlRelation__CONTAG_14___HEADING___UUID__': 6532095e-901c-54c9-a400-6bad9dbc9ac9
At most one rr:template is allowed per subject map  whereas multiple are given in: 'KB/AgentControlRelation/{CONTAG_14}/{HEADING}/6532095e-901c-54c9-a400-6bad9dbc9ac9'.  By default logic, the leftmost mnemonic is deliberately chosen as the main one. Thus, {CONTAG_14} will be processed as the main mnemonic, and all the others will be passed to RML as is: {HEADING} 



Successfully saved RML map to: 'C:\Users\Anonymous\records_in_contexts_draw_io_parser\riconverted_general_authority_to_ric-o_model_2024-11-25_pz\rml_from_drawio_turtle_general_authority_to_ric-o_model_2024-11-25_pz.rml'

Execution ended at: 2024-12-13 17:28:23 UTC
